[2026-02-22T18:34:54.433Z] GET /
[2026-02-22T18:34:58.815Z] GET /_next/static/chunks/%5Broot-of-the-server%5D__742aee95._.css
[2026-02-22T18:34:58.817Z] GET /_next/static/chunks/%5Bturbopack%5D_browser_dev_hmr-client_hmr-client_ts_956a0d3a._.js
[2026-02-22T18:34:58.820Z] GET /_next/static/chunks/node_modules_next_dist_compiled_react-dom_1e674e59._.js
[2026-02-22T18:34:58.823Z] GET /_next/static/chunks/node_modules_next_dist_compiled_react-server-dom-turbopack_9212ccad._.js
[2026-02-22T18:34:58.826Z] GET /_next/static/chunks/node_modules_next_dist_compiled_next-devtools_index_1dd7fb59.js
[2026-02-22T18:34:58.829Z] GET /_next/static/chunks/node_modules_next_dist_compiled_a0e4c7b4._.js
[2026-02-22T18:34:58.831Z] GET /manifest.json
[2026-02-22T18:34:58.835Z] GET /_next/static/chunks/node_modules_next_dist_client_17643121._.js
[2026-02-22T18:34:58.849Z] GET /_next/static/chunks/node_modules_next_dist_f3530cac._.js
[2026-02-22T18:34:58.852Z] GET /noise.svg
[2026-02-22T18:34:58.860Z] GET /_next/static/chunks/node_modules_%40swc_helpers_cjs_d80fb378._.js
[2026-02-22T18:34:58.873Z] GET /_next/static/chunks/_a0ff3932._.js
[2026-02-22T18:34:58.874Z] GET /_next/static/chunks/turbopack-_23a915ee._.js
[2026-02-22T18:34:58.875Z] GET /_next/static/chunks/node_modules_next_dist_be32b49c._.js
[2026-02-22T18:34:58.879Z] GET /_next/static/chunks/app_icon_svg_mjs_947af3a9._.js
[2026-02-22T18:34:58.887Z] GET /_next/static/chunks/node_modules_273a9d65._.js
[2026-02-22T18:34:58.891Z] GET /_next/static/chunks/components_e230d3f0._.js
[2026-02-22T18:34:58.892Z] GET /_next/static/chunks/app_%5Blocale%5D_layout_tsx_1cf6b850._.js
[2026-02-22T18:34:58.896Z] GET /_next/static/chunks/_e9a6d637._.js
[2026-02-22T18:34:58.900Z] GET /_next/static/chunks/node_modules_b53ab841._.js
[2026-02-22T18:34:58.902Z] GET /_next/static/chunks/app_%5Blocale%5D_page_tsx_268a2bfd._.js
[2026-02-22T18:34:58.911Z] GET /_next/static/chunks/node_modules_next_dist_client_components_builtin_global-error_1cf6b850.js
[2026-02-22T18:34:58.975Z] GET /_next/static/chunks/%5Bturbopack%5D_browser_dev_hmr-client_hmr-client_ts_c8c997ce._.js
[2026-02-22T18:34:58.976Z] GET /_next/static/chunks/%5Bturbopack%5D_browser_dev_hmr-client_hmr-client_ts_c7192189._.js
[2026-02-22T18:34:59.078Z] GET /blog/social.png
[2026-02-22T18:34:59.079Z] GET /blog/extensions.png
[2026-02-22T18:34:59.082Z] GET /blog/shopping.png
[2026-02-22T18:34:59.083Z] GET /icon.svg
[2026-02-22T18:34:59.093Z] GET /x-feed/emails?address=3t9u5jgi@nrhm.disposemail.xyz
[2026-02-22T18:34:59.101Z] GET /x-feed/emails?address=3t9u5jgi@nrhm.disposemail.xyz
[2026-02-22T18:34:59.102Z] POST /__nextjs_original-stack-frames
[2026-02-22T18:34:59.107Z] GET /icon.svg
[2026-02-22T18:34:59.108Z] GET /icon.svg?icon.cbda835a.svg
[2026-02-22T18:34:59.108Z] POST /__nextjs_original-stack-frames
[2026-02-22T18:34:59.109Z] POST /__nextjs_original-stack-frames
[2026-02-22T18:34:59.117Z] POST /__nextjs_original-stack-frames
[2026-02-22T18:34:59.120Z] POST /__nextjs_original-stack-frames
[2026-02-22T18:34:59.125Z] POST /__nextjs_original-stack-frames
[2026-02-22T18:34:59.130Z] GET /x-feed/emails?address=3t9u5jgi@nrhm.disposemail.xyz
[2026-02-22T18:34:59.142Z] POST /__nextjs_original-stack-frames
[2026-02-22T18:34:59.143Z] POST /__nextjs_original-stack-frames
[2026-02-22T18:34:59.144Z] POST /__nextjs_original-stack-frames
[2026-02-22T18:34:59.145Z] POST /__nextjs_original-stack-frames
[2026-02-22T18:34:59.146Z] POST /__nextjs_original-stack-frames
[2026-02-22T18:34:59.146Z] POST /__nextjs_original-stack-frames
[2026-02-22T18:34:59.156Z] POST /__nextjs_original-stack-frames
[2026-02-22T18:34:59.158Z] GET /sync-safety-net?secret=change_me_to_a_secure_secret
[2026-02-22T18:34:59.326Z] GET /sw.js?v=1.0.11
[2026-02-22T18:34:59.338Z] GET /
[2026-02-22T18:34:59.342Z] GET /icon.svg
[2026-02-22T18:34:59.342Z] GET /manifest.json
[2026-02-22T18:35:06.262Z] GET /en
[2026-02-22T18:35:06.281Z] GET /
[2026-02-22T18:35:06.484Z] GET /_next/static/chunks/%5Broot-of-the-server%5D__742aee95._.css
[2026-02-22T18:35:06.493Z] GET /_next/static/chunks/node_modules_next_dist_compiled_react-dom_1e674e59._.js
[2026-02-22T18:35:06.494Z] GET /_next/static/chunks/node_modules_next_dist_compiled_react-server-dom-turbopack_9212ccad._.js
[2026-02-22T18:35:06.492Z] GET /_next/static/chunks/%5Bturbopack%5D_browser_dev_hmr-client_hmr-client_ts_956a0d3a._.js
[2026-02-22T18:35:06.516Z] GET /_next/static/chunks/node_modules_next_dist_compiled_next-devtools_index_1dd7fb59.js
[2026-02-22T18:35:06.535Z] GET /manifest.json
[2026-02-22T18:35:06.535Z] GET /_next/static/chunks/node_modules_next_dist_compiled_a0e4c7b4._.js
[2026-02-22T18:35:06.554Z] GET /_next/static/chunks/node_modules_next_dist_client_17643121._.js
[2026-02-22T18:35:06.575Z] GET /noise.svg
[2026-02-22T18:35:06.599Z] GET /_next/static/chunks/node_modules_next_dist_f3530cac._.js
[2026-02-22T18:35:06.604Z] GET /_next/static/chunks/node_modules_%40swc_helpers_cjs_d80fb378._.js
[2026-02-22T18:35:06.617Z] GET /_next/static/chunks/_a0ff3932._.js
[2026-02-22T18:35:06.619Z] GET /_next/static/chunks/turbopack-_23a915ee._.js
[2026-02-22T18:35:06.621Z] GET /_next/static/chunks/node_modules_next_dist_be32b49c._.js
[2026-02-22T18:35:06.623Z] GET /_next/static/chunks/app_icon_svg_mjs_947af3a9._.js
[2026-02-22T18:35:06.629Z] GET /_next/static/chunks/node_modules_273a9d65._.js
[2026-02-22T18:35:06.633Z] GET /_next/static/chunks/components_e230d3f0._.js
[2026-02-22T18:35:06.636Z] GET /_next/static/chunks/app_%5Blocale%5D_layout_tsx_1cf6b850._.js
[2026-02-22T18:35:06.641Z] GET /_next/static/chunks/_e9a6d637._.js
[2026-02-22T18:35:06.644Z] GET /_next/static/chunks/node_modules_b53ab841._.js
[2026-02-22T18:35:06.649Z] GET /_next/static/chunks/app_%5Blocale%5D_page_tsx_268a2bfd._.js
[2026-02-22T18:35:06.654Z] GET /_next/static/chunks/node_modules_next_dist_client_components_builtin_global-error_1cf6b850.js
[2026-02-22T18:35:06.667Z] GET /_next/static/chunks/%5Bturbopack%5D_browser_dev_hmr-client_hmr-client_ts_c8c997ce._.js
[2026-02-22T18:35:06.668Z] GET /_next/static/chunks/%5Bturbopack%5D_browser_dev_hmr-client_hmr-client_ts_c7192189._.js
[2026-02-22T18:35:06.721Z] GET /blog/social.png
[2026-02-22T18:35:06.722Z] GET /blog/extensions.png
[2026-02-22T18:35:06.724Z] GET /blog/shopping.png
[2026-02-22T18:35:06.757Z] GET /x-feed/emails?address=3t9u5jgi@nrhm.disposemail.xyz
[2026-02-22T18:35:06.803Z] POST /__nextjs_original-stack-frames
[2026-02-22T18:35:06.810Z] GET /icon.svg
[2026-02-22T18:35:06.802Z] GET /x-feed/emails?address=3t9u5jgi@nrhm.disposemail.xyz
[2026-02-22T18:35:06.810Z] POST /__nextjs_original-stack-frames
[2026-02-22T18:35:06.811Z] POST /__nextjs_original-stack-frames
[2026-02-22T18:35:06.812Z] POST /__nextjs_original-stack-frames
[2026-02-22T18:35:06.816Z] POST /__nextjs_original-stack-frames
[2026-02-22T18:35:06.845Z] POST /__nextjs_original-stack-frames
[2026-02-22T18:35:06.849Z] POST /__nextjs_original-stack-frames
[2026-02-22T18:35:06.850Z] POST /__nextjs_original-stack-frames
[2026-02-22T18:35:06.851Z] POST /__nextjs_original-stack-frames
[2026-02-22T18:35:06.852Z] POST /__nextjs_original-stack-frames
[2026-02-22T18:35:06.853Z] POST /__nextjs_original-stack-frames
[2026-02-22T18:35:06.858Z] GET /x-feed/emails?address=3t9u5jgi@nrhm.disposemail.xyz
[2026-02-22T18:35:06.878Z] POST /__nextjs_original-stack-frames
[2026-02-22T18:35:06.899Z] POST /__nextjs_original-stack-frames
[2026-02-22T18:35:06.912Z] GET /sync-safety-net?secret=change_me_to_a_secure_secret
[2026-02-22T18:35:08.582Z] GET /sw.js?v=1.0.11
[2026-02-22T18:35:12.860Z] GET /es
[2026-02-22T18:35:12.975Z] GET /_next/static/chunks/%5Broot-of-the-server%5D__742aee95._.css
[2026-02-22T18:35:12.984Z] GET /_next/static/chunks/%5Bturbopack%5D_browser_dev_hmr-client_hmr-client_ts_956a0d3a._.js
[2026-02-22T18:35:12.987Z] GET /_next/static/chunks/node_modules_next_dist_compiled_react-dom_1e674e59._.js
[2026-02-22T18:35:12.991Z] GET /_next/static/chunks/node_modules_next_dist_compiled_react-server-dom-turbopack_9212ccad._.js
[2026-02-22T18:35:12.992Z] GET /_next/static/chunks/node_modules_next_dist_compiled_next-devtools_index_1dd7fb59.js
[2026-02-22T18:35:12.993Z] GET /_next/static/chunks/node_modules_next_dist_compiled_a0e4c7b4._.js
[2026-02-22T18:35:12.996Z] GET /manifest.json
[2026-02-22T18:35:13.004Z] GET /_next/static/chunks/node_modules_next_dist_client_17643121._.js
[2026-02-22T18:35:13.005Z] GET /_next/static/chunks/node_modules_next_dist_f3530cac._.js
[2026-02-22T18:35:13.019Z] GET /noise.svg
[2026-02-22T18:35:13.019Z] GET /_next/static/chunks/node_modules_%40swc_helpers_cjs_d80fb378._.js
[2026-02-22T18:35:13.023Z] GET /_next/static/chunks/_a0ff3932._.js
[2026-02-22T18:35:13.033Z] GET /_next/static/chunks/turbopack-_23a915ee._.js
[2026-02-22T18:35:13.034Z] GET /_next/static/chunks/node_modules_next_dist_be32b49c._.js
[2026-02-22T18:35:13.041Z] GET /_next/static/chunks/app_icon_svg_mjs_947af3a9._.js
[2026-02-22T18:35:13.050Z] GET /_next/static/chunks/node_modules_273a9d65._.js
[2026-02-22T18:35:13.054Z] GET /_next/static/chunks/components_e230d3f0._.js
[2026-02-22T18:35:13.056Z] GET /_next/static/chunks/app_%5Blocale%5D_layout_tsx_1cf6b850._.js
[2026-02-22T18:35:13.062Z] GET /_next/static/chunks/_e9a6d637._.js
[2026-02-22T18:35:13.062Z] GET /_next/static/chunks/node_modules_b53ab841._.js
[2026-02-22T18:35:13.066Z] GET /_next/static/chunks/app_%5Blocale%5D_page_tsx_268a2bfd._.js
[2026-02-22T18:35:13.078Z] GET /_next/static/chunks/node_modules_next_dist_client_components_builtin_global-error_1cf6b850.js
[2026-02-22T18:35:13.090Z] GET /_next/static/chunks/%5Bturbopack%5D_browser_dev_hmr-client_hmr-client_ts_c8c997ce._.js
[2026-02-22T18:35:13.091Z] GET /_next/static/chunks/%5Bturbopack%5D_browser_dev_hmr-client_hmr-client_ts_c7192189._.js
[2026-02-22T18:35:13.133Z] GET /blog/social.png
[2026-02-22T18:35:13.134Z] GET /blog/extensions.png
[2026-02-22T18:35:13.135Z] GET /blog/shopping.png
[2026-02-22T18:35:13.167Z] GET /x-feed/emails?address=3t9u5jgi@nrhm.disposemail.xyz
[2026-02-22T18:35:13.178Z] GET /x-feed/emails?address=3t9u5jgi@nrhm.disposemail.xyz
[2026-02-22T18:35:13.201Z] POST /__nextjs_original-stack-frames
[2026-02-22T18:35:13.203Z] POST /__nextjs_original-stack-frames
[2026-02-22T18:35:13.208Z] POST /__nextjs_original-stack-frames
[2026-02-22T18:35:13.209Z] GET /icon.svg
[2026-02-22T18:35:13.206Z] POST /__nextjs_original-stack-frames
[2026-02-22T18:35:13.209Z] POST /__nextjs_original-stack-frames
[2026-02-22T18:35:13.227Z] GET /x-feed/emails?address=3t9u5jgi@nrhm.disposemail.xyz
[2026-02-22T18:35:13.229Z] POST /__nextjs_original-stack-frames
[2026-02-22T18:35:13.233Z] POST /__nextjs_original-stack-frames
[2026-02-22T18:35:13.235Z] POST /__nextjs_original-stack-frames
[2026-02-22T18:35:13.240Z] POST /__nextjs_original-stack-frames
[2026-02-22T18:35:13.242Z] POST /__nextjs_original-stack-frames
[2026-02-22T18:35:13.245Z] GET /sync-safety-net?secret=change_me_to_a_secure_secret
[2026-02-22T18:35:15.224Z] GET /sw.js?v=1.0.11
[2026-02-22T18:35:22.089Z] GET /x-feed/emails?address=3t9u5jgi@nrhm.disposemail.xyz
[2026-02-22T18:35:28.020Z] GET /es
[2026-02-22T18:35:28.182Z] GET /_next/static/chunks/%5Broot-of-the-server%5D__742aee95._.css
[2026-02-22T18:35:28.199Z] GET /_next/static/chunks/%5Bturbopack%5D_browser_dev_hmr-client_hmr-client_ts_956a0d3a._.js
[2026-02-22T18:35:28.203Z] GET /_next/static/chunks/node_modules_next_dist_compiled_react-dom_1e674e59._.js
[2026-02-22T18:35:28.204Z] GET /_next/static/chunks/node_modules_next_dist_compiled_react-server-dom-turbopack_9212ccad._.js
[2026-02-22T18:35:28.204Z] GET /_next/static/chunks/node_modules_next_dist_compiled_next-devtools_index_1dd7fb59.js
[2026-02-22T18:35:28.205Z] GET /_next/static/chunks/node_modules_next_dist_compiled_a0e4c7b4._.js
[2026-02-22T18:35:28.211Z] GET /manifest.json
[2026-02-22T18:35:28.214Z] GET /_next/static/chunks/node_modules_next_dist_client_17643121._.js
[2026-02-22T18:35:28.214Z] GET /_next/static/chunks/node_modules_next_dist_f3530cac._.js
[2026-02-22T18:35:28.231Z] GET /noise.svg
[2026-02-22T18:35:28.233Z] GET /_next/static/chunks/node_modules_%40swc_helpers_cjs_d80fb378._.js
[2026-02-22T18:35:28.249Z] GET /_next/static/chunks/_a0ff3932._.js
[2026-02-22T18:35:28.265Z] GET /_next/static/chunks/turbopack-_23a915ee._.js
[2026-02-22T18:35:28.270Z] GET /_next/static/chunks/node_modules_next_dist_be32b49c._.js
[2026-02-22T18:35:28.271Z] GET /_next/static/chunks/app_icon_svg_mjs_947af3a9._.js
[2026-02-22T18:35:28.277Z] GET /_next/static/chunks/node_modules_273a9d65._.js
[2026-02-22T18:35:28.279Z] GET /_next/static/chunks/components_e230d3f0._.js
[2026-02-22T18:35:28.282Z] GET /_next/static/chunks/app_%5Blocale%5D_layout_tsx_1cf6b850._.js
[2026-02-22T18:35:28.288Z] GET /_next/static/chunks/_e9a6d637._.js
[2026-02-22T18:35:28.290Z] GET /_next/static/chunks/node_modules_b53ab841._.js
[2026-02-22T18:35:28.294Z] GET /_next/static/chunks/app_%5Blocale%5D_page_tsx_268a2bfd._.js
[2026-02-22T18:35:28.298Z] GET /_next/static/chunks/node_modules_next_dist_client_components_builtin_global-error_1cf6b850.js
[2026-02-22T18:35:28.313Z] GET /_next/static/chunks/%5Bturbopack%5D_browser_dev_hmr-client_hmr-client_ts_c8c997ce._.js
[2026-02-22T18:35:28.313Z] GET /_next/static/chunks/%5Bturbopack%5D_browser_dev_hmr-client_hmr-client_ts_c7192189._.js
[2026-02-22T18:35:28.369Z] GET /blog/social.png
[2026-02-22T18:35:28.370Z] GET /blog/extensions.png
[2026-02-22T18:35:28.370Z] GET /blog/shopping.png
[2026-02-22T18:35:28.389Z] GET /icon.svg
[2026-02-22T18:35:28.419Z] GET /x-feed/emails?address=3t9u5jgi@nrhm.disposemail.xyz
[2026-02-22T18:35:28.450Z] POST /__nextjs_original-stack-frames
[2026-02-22T18:35:28.464Z] GET /x-feed/emails?address=3t9u5jgi@nrhm.disposemail.xyz
[2026-02-22T18:35:28.474Z] GET /icon.svg
[2026-02-22T18:35:28.478Z] POST /__nextjs_original-stack-frames
[2026-02-22T18:35:28.481Z] GET /icon.svg?icon.cbda835a.svg
[2026-02-22T18:35:28.481Z] POST /__nextjs_original-stack-frames
[2026-02-22T18:35:28.488Z] POST /__nextjs_original-stack-frames
[2026-02-22T18:35:28.522Z] POST /__nextjs_original-stack-frames
[2026-02-22T18:35:28.549Z] GET /x-feed/emails?address=3t9u5jgi@nrhm.disposemail.xyz
[2026-02-22T18:35:28.576Z] POST /__nextjs_original-stack-frames
[2026-02-22T18:35:28.578Z] POST /__nextjs_original-stack-frames
[2026-02-22T18:35:28.580Z] POST /__nextjs_original-stack-frames
[2026-02-22T18:35:28.579Z] POST /__nextjs_original-stack-frames
[2026-02-22T18:35:28.582Z] POST /__nextjs_original-stack-frames
[2026-02-22T18:35:28.591Z] GET /sync-safety-net?secret=change_me_to_a_secure_secret
[2026-02-22T18:35:30.746Z] GET /sw.js?v=1.0.11
[2026-02-22T18:35:35.883Z] GET /x-feed/emails?address=3t9u5jgi@nrhm.disposemail.xyz
[2026-02-22T18:35:48.333Z] GET /en
[2026-02-22T18:35:48.390Z] GET /
[2026-02-22T18:35:48.544Z] GET /_next/static/chunks/%5Broot-of-the-server%5D__742aee95._.css
[2026-02-22T18:35:48.566Z] GET /_next/static/chunks/%5Bturbopack%5D_browser_dev_hmr-client_hmr-client_ts_956a0d3a._.js
[2026-02-22T18:35:48.568Z] GET /_next/static/chunks/node_modules_next_dist_compiled_react-dom_1e674e59._.js
[2026-02-22T18:35:48.569Z] GET /_next/static/chunks/node_modules_next_dist_compiled_react-server-dom-turbopack_9212ccad._.js
[2026-02-22T18:35:48.572Z] GET /_next/static/chunks/node_modules_next_dist_compiled_next-devtools_index_1dd7fb59.js
[2026-02-22T18:35:48.593Z] GET /_next/static/chunks/node_modules_next_dist_compiled_a0e4c7b4._.js
[2026-02-22T18:35:48.596Z] GET /_next/static/chunks/node_modules_next_dist_client_17643121._.js
[2026-02-22T18:35:48.600Z] GET /manifest.json
[2026-02-22T18:35:48.625Z] GET /noise.svg
[2026-02-22T18:35:48.629Z] GET /_next/static/chunks/node_modules_next_dist_f3530cac._.js
[2026-02-22T18:35:48.639Z] GET /_next/static/chunks/node_modules_%40swc_helpers_cjs_d80fb378._.js
[2026-02-22T18:35:48.644Z] GET /_next/static/chunks/_a0ff3932._.js
[2026-02-22T18:35:48.648Z] GET /_next/static/chunks/turbopack-_23a915ee._.js
[2026-02-22T18:35:48.650Z] GET /_next/static/chunks/node_modules_next_dist_be32b49c._.js
[2026-02-22T18:35:48.655Z] GET /_next/static/chunks/app_icon_svg_mjs_947af3a9._.js
[2026-02-22T18:35:48.660Z] GET /_next/static/chunks/node_modules_273a9d65._.js
[2026-02-22T18:35:48.662Z] GET /_next/static/chunks/components_e230d3f0._.js
[2026-02-22T18:35:48.662Z] GET /_next/static/chunks/app_%5Blocale%5D_layout_tsx_1cf6b850._.js
[2026-02-22T18:35:48.665Z] GET /_next/static/chunks/_e9a6d637._.js
[2026-02-22T18:35:48.669Z] GET /_next/static/chunks/node_modules_b53ab841._.js
[2026-02-22T18:35:48.671Z] GET /_next/static/chunks/app_%5Blocale%5D_page_tsx_268a2bfd._.js
[2026-02-22T18:35:48.672Z] GET /_next/static/chunks/node_modules_next_dist_client_components_builtin_global-error_1cf6b850.js
[2026-02-22T18:35:48.692Z] GET /_next/static/chunks/%5Bturbopack%5D_browser_dev_hmr-client_hmr-client_ts_c8c997ce._.js
[2026-02-22T18:35:48.692Z] GET /_next/static/chunks/%5Bturbopack%5D_browser_dev_hmr-client_hmr-client_ts_c7192189._.js
[2026-02-22T18:35:48.733Z] GET /icon.svg
[2026-02-22T18:35:48.757Z] GET /blog/social.png
[2026-02-22T18:35:48.758Z] GET /blog/extensions.png
[2026-02-22T18:35:48.758Z] GET /blog/shopping.png
[2026-02-22T18:35:48.782Z] GET /x-feed/emails?address=3t9u5jgi@nrhm.disposemail.xyz
[2026-02-22T18:35:48.792Z] GET /x-feed/emails?address=3t9u5jgi@nrhm.disposemail.xyz
[2026-02-22T18:35:48.804Z] POST /__nextjs_original-stack-frames
[2026-02-22T18:35:48.824Z] POST /__nextjs_original-stack-frames
[2026-02-22T18:35:48.833Z] POST /__nextjs_original-stack-frames
[2026-02-22T18:35:48.836Z] GET /x-feed/emails?address=3t9u5jgi@nrhm.disposemail.xyz
[2026-02-22T18:35:48.841Z] GET /sync-safety-net?secret=change_me_to_a_secure_secret
[2026-02-22T18:35:48.841Z] POST /__nextjs_original-stack-frames
[2026-02-22T18:35:48.846Z] POST /__nextjs_original-stack-frames
[2026-02-22T18:35:48.853Z] POST /__nextjs_original-stack-frames
[2026-02-22T18:35:48.860Z] POST /__nextjs_original-stack-frames
[2026-02-22T18:35:48.861Z] POST /__nextjs_original-stack-frames
[2026-02-22T18:35:48.869Z] POST /__nextjs_original-stack-frames
[2026-02-22T18:35:48.877Z] POST /__nextjs_original-stack-frames
[2026-02-22T18:35:48.887Z] POST /__nextjs_original-stack-frames
[2026-02-22T18:35:48.893Z] POST /__nextjs_original-stack-frames
[2026-02-22T18:35:48.900Z] POST /__nextjs_original-stack-frames
[2026-02-22T18:35:50.693Z] GET /sw.js?v=1.0.11
[2026-02-22T18:35:55.907Z] GET /x-feed/emails?address=3t9u5jgi@nrhm.disposemail.xyz
[2026-02-22T18:37:26.171Z] GET /?_rsc=m9ve9
[2026-02-22T18:37:26.499Z] POST /__nextjs_original-stack-frames
[2026-02-22T18:37:26.510Z] GET /icon.svg?icon.cbda835a.svg
[2026-02-22T18:37:26.737Z] POST /__nextjs_original-stack-frames
[2026-02-22T18:38:20.720Z] GET /
[2026-02-22T18:38:20.862Z] GET /_next/static/chunks/%5Broot-of-the-server%5D__742aee95._.css
[2026-02-22T18:38:20.866Z] GET /_next/static/chunks/%5Bturbopack%5D_browser_dev_hmr-client_hmr-client_ts_956a0d3a._.js
[2026-02-22T18:38:20.867Z] GET /_next/static/chunks/node_modules_next_dist_compiled_react-dom_1e674e59._.js
[2026-02-22T18:38:20.867Z] GET /_next/static/chunks/node_modules_next_dist_compiled_react-server-dom-turbopack_9212ccad._.js
[2026-02-22T18:38:20.868Z] GET /_next/static/chunks/node_modules_next_dist_compiled_next-devtools_index_1dd7fb59.js
[2026-02-22T18:38:20.871Z] GET /_next/static/chunks/node_modules_next_dist_compiled_a0e4c7b4._.js
[2026-02-22T18:38:20.872Z] GET /manifest.json
[2026-02-22T18:38:20.874Z] GET /_next/static/chunks/node_modules_next_dist_client_17643121._.js
[2026-02-22T18:38:20.877Z] GET /_next/static/chunks/node_modules_next_dist_f3530cac._.js
[2026-02-22T18:38:20.886Z] GET /noise.svg
[2026-02-22T18:38:20.889Z] GET /_next/static/chunks/node_modules_%40swc_helpers_cjs_d80fb378._.js
[2026-02-22T18:38:20.892Z] GET /_next/static/chunks/_a0ff3932._.js
[2026-02-22T18:38:20.898Z] GET /_next/static/chunks/turbopack-_23a915ee._.js
[2026-02-22T18:38:20.904Z] GET /_next/static/chunks/node_modules_next_dist_be32b49c._.js
[2026-02-22T18:38:20.906Z] GET /_next/static/chunks/app_icon_svg_mjs_947af3a9._.js
[2026-02-22T18:38:20.913Z] GET /_next/static/chunks/node_modules_273a9d65._.js
[2026-02-22T18:38:20.917Z] GET /_next/static/chunks/components_e230d3f0._.js
[2026-02-22T18:38:20.919Z] GET /_next/static/chunks/app_%5Blocale%5D_layout_tsx_1cf6b850._.js
[2026-02-22T18:38:20.926Z] GET /_next/static/chunks/_e9a6d637._.js
[2026-02-22T18:38:20.928Z] GET /_next/static/chunks/node_modules_b53ab841._.js
[2026-02-22T18:38:20.934Z] GET /_next/static/chunks/app_%5Blocale%5D_page_tsx_268a2bfd._.js
[2026-02-22T18:38:20.937Z] GET /_next/static/chunks/node_modules_next_dist_client_components_builtin_global-error_1cf6b850.js
[2026-02-22T18:38:20.957Z] GET /_next/static/chunks/%5Bturbopack%5D_browser_dev_hmr-client_hmr-client_ts_c8c997ce._.js
[2026-02-22T18:38:20.958Z] GET /_next/static/chunks/%5Bturbopack%5D_browser_dev_hmr-client_hmr-client_ts_c7192189._.js
[2026-02-22T18:38:21.014Z] GET /blog/social.png
[2026-02-22T18:38:21.017Z] GET /blog/extensions.png
[2026-02-22T18:38:21.018Z] GET /blog/shopping.png
[2026-02-22T18:38:21.033Z] GET /icon.svg
[2026-02-22T18:38:21.034Z] GET /x-feed/emails?address=3t9u5jgi@nrhm.disposemail.xyz
[2026-02-22T18:38:21.039Z] GET /x-feed/emails?address=3t9u5jgi@nrhm.disposemail.xyz
[2026-02-22T18:38:21.047Z] POST /__nextjs_original-stack-frames
[2026-02-22T18:38:21.054Z] POST /__nextjs_original-stack-frames
[2026-02-22T18:38:21.061Z] GET /x-feed/emails?address=3t9u5jgi@nrhm.disposemail.xyz
[2026-02-22T18:38:21.061Z] GET /sync-safety-net?secret=change_me_to_a_secure_secret
[2026-02-22T18:38:22.589Z] GET /sw.js?v=1.0.11
[2026-02-22T18:39:47.950Z] GET /?_rsc=m9ve9
[2026-02-22T18:39:48.087Z] POST /__nextjs_original-stack-frames
[2026-02-22T18:39:48.090Z] POST /__nextjs_original-stack-frames
[2026-02-22T18:39:48.147Z] GET /icon.svg?icon.cbda835a.svg
[2026-02-22T18:40:10.281Z] GET /?_rsc=m9ve9
[2026-02-22T18:40:32.360Z] GET /?_rsc=m9ve9
[2026-02-22T18:40:34.447Z] GET /?_rsc=m9ve9
[2026-02-22T18:40:36.478Z] GET /?_rsc=m9ve9
[2026-02-22T18:40:54.589Z] GET /en
[2026-02-22T18:40:54.607Z] GET /
[2026-02-22T18:40:54.772Z] GET /_next/static/chunks/%5Broot-of-the-server%5D__742aee95._.css
[2026-02-22T18:40:54.783Z] GET /_next/static/chunks/%5Bturbopack%5D_browser_dev_hmr-client_hmr-client_ts_956a0d3a._.js
[2026-02-22T18:40:54.786Z] GET /_next/static/chunks/node_modules_next_dist_compiled_react-dom_1e674e59._.js
[2026-02-22T18:40:54.793Z] GET /_next/static/chunks/node_modules_next_dist_compiled_react-server-dom-turbopack_9212ccad._.js
[2026-02-22T18:40:54.796Z] GET /_next/static/chunks/node_modules_next_dist_compiled_next-devtools_index_1dd7fb59.js
[2026-02-22T18:40:54.798Z] GET /_next/static/chunks/node_modules_next_dist_compiled_a0e4c7b4._.js
[2026-02-22T18:40:54.799Z] GET /_next/static/chunks/node_modules_next_dist_client_17643121._.js
[2026-02-22T18:40:54.802Z] GET /manifest.json
[2026-02-22T18:40:54.815Z] GET /noise.svg
[2026-02-22T18:40:54.822Z] GET /_next/static/chunks/node_modules_next_dist_f3530cac._.js
[2026-02-22T18:40:54.823Z] GET /_next/static/chunks/node_modules_%40swc_helpers_cjs_d80fb378._.js
[2026-02-22T18:40:54.838Z] GET /_next/static/chunks/_a0ff3932._.js
[2026-02-22T18:40:54.843Z] GET /_next/static/chunks/turbopack-_23a915ee._.js
[2026-02-22T18:40:54.849Z] GET /_next/static/chunks/node_modules_next_dist_be32b49c._.js
[2026-02-22T18:40:54.854Z] GET /_next/static/chunks/app_icon_svg_mjs_947af3a9._.js
[2026-02-22T18:40:54.864Z] GET /_next/static/chunks/node_modules_273a9d65._.js
[2026-02-22T18:40:54.867Z] GET /_next/static/chunks/components_e230d3f0._.js
[2026-02-22T18:40:54.868Z] GET /_next/static/chunks/app_%5Blocale%5D_layout_tsx_1cf6b850._.js
[2026-02-22T18:40:54.875Z] GET /_next/static/chunks/_e9a6d637._.js
[2026-02-22T18:40:54.881Z] GET /_next/static/chunks/node_modules_b53ab841._.js
[2026-02-22T18:40:54.886Z] GET /_next/static/chunks/app_%5Blocale%5D_page_tsx_268a2bfd._.js
[2026-02-22T18:40:54.892Z] GET /_next/static/chunks/node_modules_next_dist_client_components_builtin_global-error_1cf6b850.js
[2026-02-22T18:40:54.921Z] GET /_next/static/chunks/%5Bturbopack%5D_browser_dev_hmr-client_hmr-client_ts_c8c997ce._.js
[2026-02-22T18:40:54.922Z] GET /_next/static/chunks/%5Bturbopack%5D_browser_dev_hmr-client_hmr-client_ts_c7192189._.js
[2026-02-22T18:40:54.961Z] GET /icon.svg
[2026-02-22T18:40:54.986Z] GET /blog/social.png
[2026-02-22T18:40:54.988Z] GET /blog/extensions.png
[2026-02-22T18:40:54.988Z] GET /blog/shopping.png
[2026-02-22T18:40:55.008Z] GET /x-feed/emails?address=3t9u5jgi@nrhm.disposemail.xyz
[2026-02-22T18:40:55.017Z] GET /x-feed/emails?address=3t9u5jgi@nrhm.disposemail.xyz
[2026-02-22T18:40:55.034Z] GET /x-feed/emails?address=3t9u5jgi@nrhm.disposemail.xyz
[2026-02-22T18:40:55.037Z] GET /sync-safety-net?secret=change_me_to_a_secure_secret
[2026-02-22T18:40:56.555Z] GET /sw.js?v=1.0.11
[2026-02-22T18:41:04.945Z] GET /zh
[2026-02-22T18:41:05.189Z] GET /_next/static/chunks/%5Broot-of-the-server%5D__742aee95._.css
[2026-02-22T18:41:05.200Z] GET /_next/static/chunks/%5Bturbopack%5D_browser_dev_hmr-client_hmr-client_ts_956a0d3a._.js
[2026-02-22T18:41:05.207Z] GET /_next/static/chunks/node_modules_next_dist_compiled_react-dom_1e674e59._.js
[2026-02-22T18:41:05.208Z] GET /_next/static/chunks/node_modules_next_dist_compiled_react-server-dom-turbopack_9212ccad._.js
[2026-02-22T18:41:05.209Z] GET /_next/static/chunks/node_modules_next_dist_compiled_next-devtools_index_1dd7fb59.js
[2026-02-22T18:41:05.214Z] GET /_next/static/chunks/node_modules_next_dist_compiled_a0e4c7b4._.js
[2026-02-22T18:41:05.215Z] GET /manifest.json
[2026-02-22T18:41:05.215Z] GET /_next/static/chunks/node_modules_next_dist_client_17643121._.js
[2026-02-22T18:41:05.231Z] GET /_next/static/chunks/node_modules_next_dist_f3530cac._.js
[2026-02-22T18:41:05.238Z] GET /_next/static/chunks/node_modules_%40swc_helpers_cjs_d80fb378._.js
[2026-02-22T18:41:05.264Z] GET /noise.svg
[2026-02-22T18:41:05.274Z] GET /_next/static/chunks/_a0ff3932._.js
[2026-02-22T18:41:05.274Z] GET /_next/static/chunks/turbopack-_23a915ee._.js
[2026-02-22T18:41:05.274Z] GET /_next/static/chunks/node_modules_next_dist_be32b49c._.js
[2026-02-22T18:41:05.306Z] GET /_next/static/chunks/app_icon_svg_mjs_947af3a9._.js
[2026-02-22T18:41:05.321Z] GET /_next/static/chunks/node_modules_273a9d65._.js
[2026-02-22T18:41:05.322Z] GET /_next/static/chunks/components_e230d3f0._.js
[2026-02-22T18:41:05.323Z] GET /_next/static/chunks/app_%5Blocale%5D_layout_tsx_1cf6b850._.js
[2026-02-22T18:41:05.323Z] GET /_next/static/chunks/_e9a6d637._.js
[2026-02-22T18:41:05.350Z] GET /_next/static/chunks/node_modules_b53ab841._.js
[2026-02-22T18:41:05.353Z] GET /_next/static/chunks/app_%5Blocale%5D_page_tsx_268a2bfd._.js
[2026-02-22T18:41:05.357Z] GET /_next/static/chunks/node_modules_next_dist_client_components_builtin_global-error_1cf6b850.js
[2026-02-22T18:41:05.381Z] GET /_next/static/chunks/%5Bturbopack%5D_browser_dev_hmr-client_hmr-client_ts_c8c997ce._.js
[2026-02-22T18:41:05.382Z] GET /_next/static/chunks/%5Bturbopack%5D_browser_dev_hmr-client_hmr-client_ts_c7192189._.js
[2026-02-22T18:41:05.430Z] GET /blog/social.png
[2026-02-22T18:41:05.431Z] GET /blog/extensions.png
[2026-02-22T18:41:05.431Z] GET /blog/shopping.png
[2026-02-22T18:41:05.556Z] GET /x-feed/emails?address=3t9u5jgi@nrhm.disposemail.xyz
[2026-02-22T18:41:05.572Z] GET /icon.svg
[2026-02-22T18:41:05.622Z] GET /x-feed/emails?address=3t9u5jgi@nrhm.disposemail.xyz
[2026-02-22T18:41:05.639Z] GET /x-feed/emails?address=3t9u5jgi@nrhm.disposemail.xyz
[2026-02-22T18:41:05.641Z] GET /sync-safety-net?secret=change_me_to_a_secure_secret
[2026-02-22T18:41:07.420Z] GET /sw.js?v=1.0.11
[2026-02-22T18:41:30.815Z] GET /en
[2026-02-22T18:41:30.837Z] GET /
[2026-02-22T18:41:31.048Z] GET /_next/static/chunks/%5Broot-of-the-server%5D__742aee95._.css
[2026-02-22T18:41:31.062Z] GET /_next/static/chunks/%5Bturbopack%5D_browser_dev_hmr-client_hmr-client_ts_956a0d3a._.js
[2026-02-22T18:41:31.063Z] GET /_next/static/chunks/node_modules_next_dist_compiled_react-dom_1e674e59._.js
[2026-02-22T18:41:31.064Z] GET /_next/static/chunks/node_modules_next_dist_compiled_react-server-dom-turbopack_9212ccad._.js
[2026-02-22T18:41:31.065Z] GET /_next/static/chunks/node_modules_next_dist_compiled_next-devtools_index_1dd7fb59.js
[2026-02-22T18:41:31.080Z] GET /_next/static/chunks/node_modules_next_dist_compiled_a0e4c7b4._.js
[2026-02-22T18:41:31.081Z] GET /manifest.json
[2026-02-22T18:41:31.083Z] GET /_next/static/chunks/node_modules_next_dist_client_17643121._.js
[2026-02-22T18:41:31.100Z] GET /noise.svg
[2026-02-22T18:41:31.113Z] GET /_next/static/chunks/node_modules_next_dist_f3530cac._.js
[2026-02-22T18:41:31.113Z] GET /_next/static/chunks/node_modules_%40swc_helpers_cjs_d80fb378._.js
[2026-02-22T18:41:31.128Z] GET /_next/static/chunks/_a0ff3932._.js
[2026-02-22T18:41:31.132Z] GET /_next/static/chunks/turbopack-_23a915ee._.js
[2026-02-22T18:41:31.136Z] GET /_next/static/chunks/node_modules_next_dist_be32b49c._.js
[2026-02-22T18:41:31.139Z] GET /_next/static/chunks/app_icon_svg_mjs_947af3a9._.js
[2026-02-22T18:41:31.145Z] GET /_next/static/chunks/node_modules_273a9d65._.js
[2026-02-22T18:41:31.153Z] GET /_next/static/chunks/components_e230d3f0._.js
[2026-02-22T18:41:31.155Z] GET /_next/static/chunks/app_%5Blocale%5D_layout_tsx_1cf6b850._.js
[2026-02-22T18:41:31.159Z] GET /_next/static/chunks/_e9a6d637._.js
[2026-02-22T18:41:31.166Z] GET /_next/static/chunks/node_modules_b53ab841._.js
[2026-02-22T18:41:31.171Z] GET /_next/static/chunks/app_%5Blocale%5D_page_tsx_268a2bfd._.js
[2026-02-22T18:41:31.174Z] GET /_next/static/chunks/node_modules_next_dist_client_components_builtin_global-error_1cf6b850.js
[2026-02-22T18:41:31.200Z] GET /_next/static/chunks/%5Bturbopack%5D_browser_dev_hmr-client_hmr-client_ts_c8c997ce._.js
[2026-02-22T18:41:31.203Z] GET /_next/static/chunks/%5Bturbopack%5D_browser_dev_hmr-client_hmr-client_ts_c7192189._.js
[2026-02-22T18:41:31.251Z] GET /blog/social.png
[2026-02-22T18:41:31.253Z] GET /blog/extensions.png
[2026-02-22T18:41:31.254Z] GET /blog/shopping.png
[2026-02-22T18:41:31.269Z] GET /x-feed/emails?address=3t9u5jgi@nrhm.disposemail.xyz
[2026-02-22T18:41:31.277Z] GET /x-feed/emails?address=3t9u5jgi@nrhm.disposemail.xyz
[2026-02-22T18:41:31.289Z] GET /icon.svg
[2026-02-22T18:41:31.303Z] GET /sync-safety-net?secret=change_me_to_a_secure_secret
[2026-02-22T18:41:31.303Z] GET /x-feed/emails?address=3t9u5jgi@nrhm.disposemail.xyz
[2026-02-22T18:41:33.075Z] GET /sw.js?v=1.0.11
[2026-02-22T18:41:53.671Z] GET /x-feed/emails?address=3t9u5jgi@nrhm.disposemail.xyz
[2026-02-22T18:42:13.580Z] GET /en/about
[2026-02-22T18:42:13.924Z] GET /about
[2026-02-22T18:42:15.720Z] GET /_next/static/chunks/%5Broot-of-the-server%5D__742aee95._.css
[2026-02-22T18:42:15.724Z] GET /_next/static/chunks/%5Bturbopack%5D_browser_dev_hmr-client_hmr-client_ts_956a0d3a._.js
[2026-02-22T18:42:15.728Z] GET /_next/static/chunks/node_modules_next_dist_compiled_react-dom_1e674e59._.js
[2026-02-22T18:42:15.728Z] GET /_next/static/chunks/node_modules_next_dist_compiled_react-server-dom-turbopack_9212ccad._.js
[2026-02-22T18:42:15.731Z] GET /_next/static/chunks/node_modules_next_dist_compiled_next-devtools_index_1dd7fb59.js
[2026-02-22T18:42:15.733Z] GET /_next/static/chunks/node_modules_next_dist_compiled_a0e4c7b4._.js
[2026-02-22T18:42:15.745Z] GET /_next/static/chunks/node_modules_next_dist_client_17643121._.js
[2026-02-22T18:42:15.746Z] GET /manifest.json
[2026-02-22T18:42:15.787Z] GET /noise.svg
[2026-02-22T18:42:15.792Z] GET /_next/static/chunks/node_modules_next_dist_f3530cac._.js
[2026-02-22T18:42:15.795Z] GET /_next/static/chunks/node_modules_%40swc_helpers_cjs_d80fb378._.js
[2026-02-22T18:42:15.814Z] GET /_next/static/chunks/_a0ff3932._.js
[2026-02-22T18:42:15.829Z] GET /_next/static/chunks/turbopack-_23a915ee._.js
[2026-02-22T18:42:15.845Z] GET /_next/static/chunks/node_modules_next_dist_be32b49c._.js
[2026-02-22T18:42:15.856Z] GET /_next/static/chunks/app_icon_svg_mjs_947af3a9._.js
[2026-02-22T18:42:15.870Z] GET /_next/static/chunks/node_modules_273a9d65._.js
[2026-02-22T18:42:15.872Z] GET /_next/static/chunks/components_e230d3f0._.js
[2026-02-22T18:42:15.875Z] GET /_next/static/chunks/app_%5Blocale%5D_layout_tsx_1cf6b850._.js
[2026-02-22T18:42:15.888Z] GET /_next/static/chunks/app_%5Blocale%5D_about_page_tsx_6d4f6b7d._.js
[2026-02-22T18:42:15.908Z] GET /_next/static/chunks/app_%5Blocale%5D_about_page_tsx_268a2bfd._.js
[2026-02-22T18:42:15.910Z] GET /_next/static/chunks/node_modules_next_dist_client_components_builtin_global-error_1cf6b850.js
[2026-02-22T18:42:15.930Z] GET /_next/static/chunks/%5Bturbopack%5D_browser_dev_hmr-client_hmr-client_ts_c8c997ce._.js
[2026-02-22T18:42:15.931Z] GET /_next/static/chunks/%5Bturbopack%5D_browser_dev_hmr-client_hmr-client_ts_c7192189._.js
[2026-02-22T18:42:15.997Z] GET /icon.svg
[2026-02-22T18:42:17.780Z] GET /sw.js?v=1.0.11
[2026-02-22T18:42:21.528Z] GET /zh/about
[2026-02-22T18:42:21.868Z] GET /_next/static/chunks/%5Broot-of-the-server%5D__742aee95._.css
[2026-02-22T18:42:21.886Z] GET /_next/static/chunks/%5Bturbopack%5D_browser_dev_hmr-client_hmr-client_ts_956a0d3a._.js
[2026-02-22T18:42:21.890Z] GET /_next/static/chunks/node_modules_next_dist_compiled_react-dom_1e674e59._.js
[2026-02-22T18:42:21.893Z] GET /_next/static/chunks/node_modules_next_dist_compiled_react-server-dom-turbopack_9212ccad._.js
[2026-02-22T18:42:21.899Z] GET /_next/static/chunks/node_modules_next_dist_compiled_next-devtools_index_1dd7fb59.js
[2026-02-22T18:42:21.934Z] GET /_next/static/chunks/node_modules_next_dist_compiled_a0e4c7b4._.js
[2026-02-22T18:42:21.935Z] GET /manifest.json
[2026-02-22T18:42:21.984Z] GET /_next/static/chunks/node_modules_next_dist_client_17643121._.js
[2026-02-22T18:42:22.159Z] GET /noise.svg
[2026-02-22T18:42:22.176Z] GET /_next/static/chunks/node_modules_next_dist_f3530cac._.js
[2026-02-22T18:42:22.185Z] GET /_next/static/chunks/node_modules_%40swc_helpers_cjs_d80fb378._.js
[2026-02-22T18:42:22.217Z] GET /_next/static/chunks/_a0ff3932._.js
[2026-02-22T18:42:22.233Z] GET /_next/static/chunks/turbopack-_23a915ee._.js
[2026-02-22T18:42:22.234Z] GET /_next/static/chunks/node_modules_next_dist_be32b49c._.js
[2026-02-22T18:42:22.234Z] GET /_next/static/chunks/app_icon_svg_mjs_947af3a9._.js
[2026-02-22T18:42:22.246Z] GET /_next/static/chunks/node_modules_273a9d65._.js
[2026-02-22T18:42:22.266Z] GET /_next/static/chunks/components_e230d3f0._.js
[2026-02-22T18:42:22.268Z] GET /_next/static/chunks/app_%5Blocale%5D_layout_tsx_1cf6b850._.js
[2026-02-22T18:42:22.270Z] GET /_next/static/chunks/app_%5Blocale%5D_about_page_tsx_6d4f6b7d._.js
[2026-02-22T18:42:22.278Z] GET /_next/static/chunks/app_%5Blocale%5D_about_page_tsx_268a2bfd._.js
[2026-02-22T18:42:22.284Z] GET /_next/static/chunks/node_modules_next_dist_client_components_builtin_global-error_1cf6b850.js
[2026-02-22T18:42:22.308Z] GET /_next/static/chunks/%5Bturbopack%5D_browser_dev_hmr-client_hmr-client_ts_c8c997ce._.js
[2026-02-22T18:42:22.309Z] GET /_next/static/chunks/%5Bturbopack%5D_browser_dev_hmr-client_hmr-client_ts_c7192189._.js
[2026-02-22T18:42:22.384Z] GET /icon.svg
[2026-02-22T18:42:24.317Z] GET /sw.js?v=1.0.11
[2026-02-22T18:42:29.972Z] GET /en
[2026-02-22T18:42:30.012Z] GET /
[2026-02-22T18:42:30.231Z] GET /_next/static/chunks/%5Broot-of-the-server%5D__742aee95._.css
[2026-02-22T18:42:30.249Z] GET /_next/static/chunks/%5Bturbopack%5D_browser_dev_hmr-client_hmr-client_ts_956a0d3a._.js
[2026-02-22T18:42:30.255Z] GET /_next/static/chunks/node_modules_next_dist_compiled_react-dom_1e674e59._.js
[2026-02-22T18:42:30.257Z] GET /_next/static/chunks/node_modules_next_dist_compiled_react-server-dom-turbopack_9212ccad._.js
[2026-02-22T18:42:30.259Z] GET /_next/static/chunks/node_modules_next_dist_compiled_next-devtools_index_1dd7fb59.js
[2026-02-22T18:42:30.265Z] GET /_next/static/chunks/node_modules_next_dist_compiled_a0e4c7b4._.js
[2026-02-22T18:42:30.266Z] GET /manifest.json
[2026-02-22T18:42:30.273Z] GET /_next/static/chunks/node_modules_next_dist_client_17643121._.js
[2026-02-22T18:42:30.300Z] GET /noise.svg
[2026-02-22T18:42:30.308Z] GET /_next/static/chunks/node_modules_next_dist_f3530cac._.js
[2026-02-22T18:42:30.309Z] GET /_next/static/chunks/node_modules_%40swc_helpers_cjs_d80fb378._.js
[2026-02-22T18:42:30.328Z] GET /_next/static/chunks/_a0ff3932._.js
[2026-02-22T18:42:30.339Z] GET /_next/static/chunks/turbopack-_23a915ee._.js
[2026-02-22T18:42:30.341Z] GET /_next/static/chunks/node_modules_next_dist_be32b49c._.js
[2026-02-22T18:42:30.342Z] GET /_next/static/chunks/app_icon_svg_mjs_947af3a9._.js
[2026-02-22T18:42:30.350Z] GET /_next/static/chunks/node_modules_273a9d65._.js
[2026-02-22T18:42:30.359Z] GET /_next/static/chunks/components_e230d3f0._.js
[2026-02-22T18:42:30.366Z] GET /_next/static/chunks/app_%5Blocale%5D_layout_tsx_1cf6b850._.js
[2026-02-22T18:42:30.373Z] GET /_next/static/chunks/_e9a6d637._.js
[2026-02-22T18:42:30.383Z] GET /_next/static/chunks/node_modules_b53ab841._.js
[2026-02-22T18:42:30.394Z] GET /_next/static/chunks/app_%5Blocale%5D_page_tsx_268a2bfd._.js
[2026-02-22T18:42:30.403Z] GET /_next/static/chunks/node_modules_next_dist_client_components_builtin_global-error_1cf6b850.js
[2026-02-22T18:42:30.427Z] GET /_next/static/chunks/%5Bturbopack%5D_browser_dev_hmr-client_hmr-client_ts_c8c997ce._.js
[2026-02-22T18:42:30.475Z] GET /_next/static/chunks/%5Bturbopack%5D_browser_dev_hmr-client_hmr-client_ts_c7192189._.js
[2026-02-22T18:42:30.544Z] GET /blog/social.png
[2026-02-22T18:42:30.545Z] GET /blog/extensions.png
[2026-02-22T18:42:30.551Z] GET /blog/shopping.png
[2026-02-22T18:42:30.567Z] GET /x-feed/emails?address=3t9u5jgi@nrhm.disposemail.xyz
[2026-02-22T18:42:30.575Z] GET /icon.svg
[2026-02-22T18:42:30.587Z] GET /x-feed/emails?address=3t9u5jgi@nrhm.disposemail.xyz
[2026-02-22T18:42:30.602Z] GET /x-feed/emails?address=3t9u5jgi@nrhm.disposemail.xyz
[2026-02-22T18:42:30.602Z] GET /sync-safety-net?secret=change_me_to_a_secure_secret
[2026-02-22T18:42:32.492Z] GET /sw.js?v=1.0.11
[2026-02-22T18:42:38.284Z] GET /zh
[2026-02-22T18:42:38.473Z] GET /_next/static/chunks/%5Broot-of-the-server%5D__742aee95._.css
[2026-02-22T18:42:38.476Z] GET /_next/static/chunks/%5Bturbopack%5D_browser_dev_hmr-client_hmr-client_ts_956a0d3a._.js
[2026-02-22T18:42:38.477Z] GET /_next/static/chunks/node_modules_next_dist_compiled_react-dom_1e674e59._.js
[2026-02-22T18:42:38.477Z] GET /_next/static/chunks/node_modules_next_dist_compiled_react-server-dom-turbopack_9212ccad._.js
[2026-02-22T18:42:38.478Z] GET /_next/static/chunks/node_modules_next_dist_compiled_next-devtools_index_1dd7fb59.js
[2026-02-22T18:42:38.493Z] GET /_next/static/chunks/node_modules_next_dist_compiled_a0e4c7b4._.js
[2026-02-22T18:42:38.493Z] GET /manifest.json
[2026-02-22T18:42:38.515Z] GET /_next/static/chunks/node_modules_next_dist_client_17643121._.js
[2026-02-22T18:42:38.541Z] GET /noise.svg
[2026-02-22T18:42:38.548Z] GET /_next/static/chunks/node_modules_%40swc_helpers_cjs_d80fb378._.js
[2026-02-22T18:42:38.545Z] GET /_next/static/chunks/node_modules_next_dist_f3530cac._.js
[2026-02-22T18:42:38.561Z] GET /_next/static/chunks/_a0ff3932._.js
[2026-02-22T18:42:38.566Z] GET /_next/static/chunks/turbopack-_23a915ee._.js
[2026-02-22T18:42:38.570Z] GET /_next/static/chunks/node_modules_next_dist_be32b49c._.js
[2026-02-22T18:42:38.577Z] GET /_next/static/chunks/app_icon_svg_mjs_947af3a9._.js
[2026-02-22T18:42:38.584Z] GET /_next/static/chunks/node_modules_273a9d65._.js
[2026-02-22T18:42:38.586Z] GET /_next/static/chunks/components_e230d3f0._.js
[2026-02-22T18:42:38.590Z] GET /_next/static/chunks/app_%5Blocale%5D_layout_tsx_1cf6b850._.js
[2026-02-22T18:42:38.597Z] GET /_next/static/chunks/_e9a6d637._.js
[2026-02-22T18:42:38.600Z] GET /_next/static/chunks/node_modules_b53ab841._.js
[2026-02-22T18:42:38.600Z] GET /_next/static/chunks/app_%5Blocale%5D_page_tsx_268a2bfd._.js
[2026-02-22T18:42:38.602Z] GET /_next/static/chunks/node_modules_next_dist_client_components_builtin_global-error_1cf6b850.js
[2026-02-22T18:42:38.617Z] GET /_next/static/chunks/%5Bturbopack%5D_browser_dev_hmr-client_hmr-client_ts_c8c997ce._.js
[2026-02-22T18:42:38.618Z] GET /_next/static/chunks/%5Bturbopack%5D_browser_dev_hmr-client_hmr-client_ts_c7192189._.js
[2026-02-22T18:42:38.674Z] GET /blog/social.png
[2026-02-22T18:42:38.674Z] GET /blog/extensions.png
[2026-02-22T18:42:38.675Z] GET /blog/shopping.png
[2026-02-22T18:42:38.719Z] GET /x-feed/emails?address=3t9u5jgi@nrhm.disposemail.xyz
[2026-02-22T18:42:38.726Z] GET /x-feed/emails?address=3t9u5jgi@nrhm.disposemail.xyz
[2026-02-22T18:42:38.733Z] GET /icon.svg
[2026-02-22T18:42:38.752Z] GET /x-feed/emails?address=3t9u5jgi@nrhm.disposemail.xyz
[2026-02-22T18:42:38.753Z] GET /sync-safety-net?secret=change_me_to_a_secure_secret
[2026-02-22T18:42:40.574Z] GET /sw.js?v=1.0.11
[2026-02-22T18:42:47.961Z] GET /en/blog
[2026-02-22T18:42:48.100Z] GET /blog
[2026-02-22T18:42:50.174Z] GET /_next/static/chunks/%5Broot-of-the-server%5D__742aee95._.css
[2026-02-22T18:42:50.303Z] GET /blog/future.png
[2026-02-22T18:42:50.308Z] GET /blog/spam.png
[2026-02-22T18:42:50.310Z] GET /blog/social.png
[2026-02-22T18:42:50.314Z] GET /blog/extensions.png
[2026-02-22T18:42:50.333Z] GET /blog/shopping.png
[2026-02-22T18:42:50.334Z] GET /manifest.json
[2026-02-22T18:42:50.334Z] GET /blog/privacy.png
[2026-02-22T18:42:50.340Z] GET /_next/static/chunks/%5Bturbopack%5D_browser_dev_hmr-client_hmr-client_ts_956a0d3a._.js
[2026-02-22T18:42:50.341Z] GET /_next/static/chunks/node_modules_next_dist_compiled_react-dom_1e674e59._.js
[2026-02-22T18:42:50.368Z] GET /_next/static/chunks/node_modules_next_dist_compiled_react-server-dom-turbopack_9212ccad._.js
[2026-02-22T18:42:50.376Z] GET /_next/static/chunks/node_modules_next_dist_compiled_next-devtools_index_1dd7fb59.js
[2026-02-22T18:42:50.387Z] GET /_next/static/chunks/node_modules_next_dist_compiled_a0e4c7b4._.js
[2026-02-22T18:42:50.386Z] GET /noise.svg
[2026-02-22T18:42:50.400Z] GET /_next/static/chunks/node_modules_next_dist_client_17643121._.js
[2026-02-22T18:42:50.448Z] GET /_next/static/chunks/node_modules_next_dist_f3530cac._.js
[2026-02-22T18:42:50.450Z] GET /_next/static/chunks/node_modules_%40swc_helpers_cjs_d80fb378._.js
[2026-02-22T18:42:50.477Z] GET /_next/static/chunks/_a0ff3932._.js
[2026-02-22T18:42:50.478Z] GET /_next/static/chunks/turbopack-_23a915ee._.js
[2026-02-22T18:42:50.489Z] GET /_next/static/chunks/node_modules_next_dist_be32b49c._.js
[2026-02-22T18:42:50.500Z] GET /_next/static/chunks/app_icon_svg_mjs_947af3a9._.js
[2026-02-22T18:42:50.504Z] GET /_next/static/chunks/node_modules_273a9d65._.js
[2026-02-22T18:42:50.511Z] GET /_next/static/chunks/components_e230d3f0._.js
[2026-02-22T18:42:50.524Z] GET /_next/static/chunks/app_%5Blocale%5D_layout_tsx_1cf6b850._.js
[2026-02-22T18:42:50.531Z] GET /_next/static/chunks/_91882bcd._.js
[2026-02-22T18:42:50.534Z] GET /_next/static/chunks/app_%5Blocale%5D_blog_page_tsx_268a2bfd._.js
[2026-02-22T18:42:50.537Z] GET /_next/static/chunks/node_modules_next_dist_client_components_builtin_global-error_1cf6b850.js
[2026-02-22T18:42:50.562Z] GET /_next/static/chunks/%5Bturbopack%5D_browser_dev_hmr-client_hmr-client_ts_c8c997ce._.js
[2026-02-22T18:42:50.564Z] GET /_next/static/chunks/%5Bturbopack%5D_browser_dev_hmr-client_hmr-client_ts_c7192189._.js
[2026-02-22T18:42:50.603Z] GET /icon.svg
[2026-02-22T18:42:52.161Z] GET /sw.js?v=1.0.11
[2026-02-22T18:42:58.246Z] GET /zh/blog
[2026-02-22T18:42:58.707Z] GET /_next/static/chunks/%5Broot-of-the-server%5D__742aee95._.css
[2026-02-22T18:42:58.715Z] GET /blog/social.png
[2026-02-22T18:42:58.718Z] GET /blog/extensions.png
[2026-02-22T18:42:58.719Z] GET /blog/shopping.png
[2026-02-22T18:42:58.720Z] GET /blog/future.png
[2026-02-22T18:42:58.721Z] GET /blog/spam.png
[2026-02-22T18:42:58.722Z] GET /manifest.json
[2026-02-22T18:42:58.728Z] GET /_next/static/chunks/%5Bturbopack%5D_browser_dev_hmr-client_hmr-client_ts_956a0d3a._.js
[2026-02-22T18:42:58.729Z] GET /_next/static/chunks/node_modules_next_dist_compiled_react-dom_1e674e59._.js
[2026-02-22T18:42:58.729Z] GET /_next/static/chunks/node_modules_next_dist_compiled_react-server-dom-turbopack_9212ccad._.js
[2026-02-22T18:42:58.729Z] GET /blog/privacy.png
[2026-02-22T18:42:58.737Z] GET /_next/static/chunks/node_modules_next_dist_compiled_next-devtools_index_1dd7fb59.js
[2026-02-22T18:42:58.741Z] GET /_next/static/chunks/node_modules_next_dist_compiled_a0e4c7b4._.js
[2026-02-22T18:42:58.745Z] GET /_next/static/chunks/node_modules_next_dist_client_17643121._.js
[2026-02-22T18:42:58.772Z] GET /noise.svg
[2026-02-22T18:42:58.778Z] GET /_next/static/chunks/node_modules_next_dist_f3530cac._.js
[2026-02-22T18:42:58.781Z] GET /_next/static/chunks/node_modules_%40swc_helpers_cjs_d80fb378._.js
[2026-02-22T18:42:58.793Z] GET /_next/static/chunks/_a0ff3932._.js
[2026-02-22T18:42:58.801Z] GET /_next/static/chunks/turbopack-_23a915ee._.js
[2026-02-22T18:42:58.807Z] GET /_next/static/chunks/node_modules_next_dist_be32b49c._.js
[2026-02-22T18:42:58.811Z] GET /_next/static/chunks/app_icon_svg_mjs_947af3a9._.js
[2026-02-22T18:42:58.819Z] GET /_next/static/chunks/node_modules_273a9d65._.js
[2026-02-22T18:42:58.819Z] GET /_next/static/chunks/components_e230d3f0._.js
[2026-02-22T18:42:58.823Z] GET /_next/static/chunks/app_%5Blocale%5D_layout_tsx_1cf6b850._.js
[2026-02-22T18:42:58.831Z] GET /_next/static/chunks/_91882bcd._.js
[2026-02-22T18:42:58.832Z] GET /_next/static/chunks/app_%5Blocale%5D_blog_page_tsx_268a2bfd._.js
[2026-02-22T18:42:58.837Z] GET /_next/static/chunks/node_modules_next_dist_client_components_builtin_global-error_1cf6b850.js
[2026-02-22T18:42:58.853Z] GET /_next/static/chunks/%5Bturbopack%5D_browser_dev_hmr-client_hmr-client_ts_c8c997ce._.js
[2026-02-22T18:42:58.854Z] GET /_next/static/chunks/%5Bturbopack%5D_browser_dev_hmr-client_hmr-client_ts_c7192189._.js
[2026-02-22T18:42:58.900Z] GET /icon.svg
[2026-02-22T18:43:00.811Z] GET /sw.js?v=1.0.11
[2026-02-22T18:43:24.646Z] GET /es
[2026-02-22T18:43:24.788Z] GET /_next/static/chunks/%5Broot-of-the-server%5D__742aee95._.css
[2026-02-22T18:43:24.803Z] GET /_next/static/chunks/%5Bturbopack%5D_browser_dev_hmr-client_hmr-client_ts_956a0d3a._.js
[2026-02-22T18:43:24.804Z] GET /_next/static/chunks/node_modules_next_dist_compiled_react-dom_1e674e59._.js
[2026-02-22T18:43:24.806Z] GET /_next/static/chunks/node_modules_next_dist_compiled_react-server-dom-turbopack_9212ccad._.js
[2026-02-22T18:43:24.811Z] GET /_next/static/chunks/node_modules_next_dist_compiled_next-devtools_index_1dd7fb59.js
[2026-02-22T18:43:24.832Z] GET /_next/static/chunks/node_modules_next_dist_client_17643121._.js
[2026-02-22T18:43:24.832Z] GET /manifest.json
[2026-02-22T18:43:24.830Z] GET /_next/static/chunks/node_modules_next_dist_compiled_a0e4c7b4._.js
[2026-02-22T18:43:24.877Z] GET /noise.svg
[2026-02-22T18:43:24.880Z] GET /_next/static/chunks/node_modules_next_dist_f3530cac._.js
[2026-02-22T18:43:24.911Z] GET /_next/static/chunks/node_modules_%40swc_helpers_cjs_d80fb378._.js
[2026-02-22T18:43:24.930Z] GET /_next/static/chunks/_a0ff3932._.js
[2026-02-22T18:43:24.934Z] GET /_next/static/chunks/turbopack-_23a915ee._.js
[2026-02-22T18:43:24.938Z] GET /_next/static/chunks/node_modules_next_dist_be32b49c._.js
[2026-02-22T18:43:24.939Z] GET /_next/static/chunks/app_icon_svg_mjs_947af3a9._.js
[2026-02-22T18:43:24.947Z] GET /_next/static/chunks/node_modules_273a9d65._.js
[2026-02-22T18:43:24.955Z] GET /_next/static/chunks/components_e230d3f0._.js
[2026-02-22T18:43:24.955Z] GET /_next/static/chunks/app_%5Blocale%5D_layout_tsx_1cf6b850._.js
[2026-02-22T18:43:24.956Z] GET /_next/static/chunks/_e9a6d637._.js
[2026-02-22T18:43:24.956Z] GET /_next/static/chunks/node_modules_b53ab841._.js
[2026-02-22T18:43:24.973Z] GET /_next/static/chunks/app_%5Blocale%5D_page_tsx_268a2bfd._.js
[2026-02-22T18:43:24.986Z] GET /_next/static/chunks/node_modules_next_dist_client_components_builtin_global-error_1cf6b850.js
[2026-02-22T18:43:24.988Z] GET /_next/static/chunks/%5Bturbopack%5D_browser_dev_hmr-client_hmr-client_ts_c8c997ce._.js
[2026-02-22T18:43:24.993Z] GET /_next/static/chunks/%5Bturbopack%5D_browser_dev_hmr-client_hmr-client_ts_c7192189._.js
[2026-02-22T18:43:25.047Z] GET /blog/social.png
[2026-02-22T18:43:25.048Z] GET /blog/extensions.png
[2026-02-22T18:43:25.048Z] GET /blog/shopping.png
[2026-02-22T18:43:25.068Z] GET /x-feed/emails?address=3t9u5jgi@nrhm.disposemail.xyz
[2026-02-22T18:43:25.086Z] POST /__nextjs_original-stack-frames
[2026-02-22T18:43:25.081Z] GET /x-feed/emails?address=3t9u5jgi@nrhm.disposemail.xyz
[2026-02-22T18:43:25.089Z] GET /icon.svg
[2026-02-22T18:43:25.096Z] POST /__nextjs_original-stack-frames
[2026-02-22T18:43:25.099Z] POST /__nextjs_original-stack-frames
[2026-02-22T18:43:25.098Z] POST /__nextjs_original-stack-frames
[2026-02-22T18:43:25.102Z] POST /__nextjs_original-stack-frames
[2026-02-22T18:43:25.213Z] POST /__nextjs_original-stack-frames
[2026-02-22T18:43:25.231Z] POST /__nextjs_original-stack-frames
[2026-02-22T18:43:25.232Z] POST /__nextjs_original-stack-frames
[2026-02-22T18:43:25.238Z] POST /__nextjs_original-stack-frames
[2026-02-22T18:43:25.248Z] GET /x-feed/emails?address=3t9u5jgi@nrhm.disposemail.xyz
[2026-02-22T18:43:25.254Z] GET /sync-safety-net?secret=change_me_to_a_secure_secret
[2026-02-22T18:43:27.095Z] GET /sw.js?v=1.0.11
[2026-02-22T18:43:32.688Z] GET /zh
[2026-02-22T18:43:32.770Z] GET /_next/static/chunks/%5Broot-of-the-server%5D__742aee95._.css
[2026-02-22T18:43:32.771Z] GET /_next/static/chunks/%5Bturbopack%5D_browser_dev_hmr-client_hmr-client_ts_956a0d3a._.js
[2026-02-22T18:43:32.772Z] GET /_next/static/chunks/node_modules_next_dist_compiled_react-dom_1e674e59._.js
[2026-02-22T18:43:32.773Z] GET /_next/static/chunks/node_modules_next_dist_compiled_react-server-dom-turbopack_9212ccad._.js
[2026-02-22T18:43:32.773Z] GET /_next/static/chunks/node_modules_next_dist_compiled_next-devtools_index_1dd7fb59.js
[2026-02-22T18:43:32.779Z] GET /_next/static/chunks/node_modules_next_dist_compiled_a0e4c7b4._.js
[2026-02-22T18:43:32.781Z] GET /manifest.json
[2026-02-22T18:43:32.793Z] GET /_next/static/chunks/node_modules_next_dist_client_17643121._.js
[2026-02-22T18:43:32.807Z] GET /noise.svg
[2026-02-22T18:43:32.812Z] GET /_next/static/chunks/node_modules_next_dist_f3530cac._.js
[2026-02-22T18:43:32.812Z] GET /_next/static/chunks/node_modules_%40swc_helpers_cjs_d80fb378._.js
[2026-02-22T18:43:32.823Z] GET /_next/static/chunks/_a0ff3932._.js
[2026-02-22T18:43:32.825Z] GET /_next/static/chunks/turbopack-_23a915ee._.js
[2026-02-22T18:43:32.830Z] GET /_next/static/chunks/node_modules_next_dist_be32b49c._.js
[2026-02-22T18:43:32.834Z] GET /_next/static/chunks/app_icon_svg_mjs_947af3a9._.js
[2026-02-22T18:43:32.838Z] GET /_next/static/chunks/node_modules_273a9d65._.js
[2026-02-22T18:43:32.840Z] GET /_next/static/chunks/components_e230d3f0._.js
[2026-02-22T18:43:32.846Z] GET /_next/static/chunks/app_%5Blocale%5D_layout_tsx_1cf6b850._.js
[2026-02-22T18:43:32.855Z] GET /_next/static/chunks/_e9a6d637._.js
[2026-02-22T18:43:32.857Z] GET /_next/static/chunks/node_modules_b53ab841._.js
[2026-02-22T18:43:32.861Z] GET /_next/static/chunks/app_%5Blocale%5D_page_tsx_268a2bfd._.js
[2026-02-22T18:43:32.866Z] GET /_next/static/chunks/node_modules_next_dist_client_components_builtin_global-error_1cf6b850.js
[2026-02-22T18:43:32.876Z] GET /_next/static/chunks/%5Bturbopack%5D_browser_dev_hmr-client_hmr-client_ts_c8c997ce._.js
[2026-02-22T18:43:32.884Z] GET /_next/static/chunks/%5Bturbopack%5D_browser_dev_hmr-client_hmr-client_ts_c7192189._.js
[2026-02-22T18:43:32.929Z] GET /blog/social.png
[2026-02-22T18:43:32.930Z] GET /blog/extensions.png
[2026-02-22T18:43:32.931Z] GET /blog/shopping.png
[2026-02-22T18:43:32.946Z] GET /x-feed/emails?address=3t9u5jgi@nrhm.disposemail.xyz
[2026-02-22T18:43:32.953Z] GET /x-feed/emails?address=3t9u5jgi@nrhm.disposemail.xyz
[2026-02-22T18:43:32.953Z] GET /icon.svg
[2026-02-22T18:43:32.973Z] GET /x-feed/emails?address=3t9u5jgi@nrhm.disposemail.xyz
[2026-02-22T18:43:32.976Z] GET /sync-safety-net?secret=change_me_to_a_secure_secret
[2026-02-22T18:43:34.745Z] GET /sw.js?v=1.0.11
[2026-02-22T18:44:40.994Z] GET /zh?_rsc=1l7vu
[2026-02-22T18:44:41.151Z] GET /zh?_rsc=1l7vu
[2026-02-22T18:44:41.197Z] GET /zh?_rsc=1l7vu
[2026-02-22T18:44:41.265Z] GET /icon.svg?icon.cbda835a.svg
[2026-02-22T18:44:42.743Z] GET /zh?_rsc=1l7vu
[2026-02-22T18:44:42.814Z] GET /zh?_rsc=1l7vu
[2026-02-22T18:44:42.842Z] GET /zh?_rsc=1l7vu
[2026-02-22T18:45:30.871Z] GET /zh?_rsc=1l7vu
[2026-02-22T18:45:31.030Z] GET /zh?_rsc=1l7vu
[2026-02-22T18:45:31.057Z] GET /zh?_rsc=1l7vu
[2026-02-22T18:45:47.393Z] GET /zh?_rsc=1l7vu
[2026-02-22T18:45:47.518Z] GET /zh?_rsc=1l7vu
[2026-02-22T18:45:47.545Z] GET /zh?_rsc=1l7vu
[2026-02-22T18:45:49.746Z] GET /zh?_rsc=1l7vu
[2026-02-22T18:45:49.873Z] GET /zh?_rsc=1l7vu
[2026-02-22T18:45:49.957Z] GET /zh?_rsc=1l7vu
[2026-02-22T18:45:59.809Z] GET /en
[2026-02-22T18:45:59.833Z] GET /
[2026-02-22T18:46:00.078Z] GET /_next/static/chunks/%5Broot-of-the-server%5D__742aee95._.css
[2026-02-22T18:46:00.124Z] GET /_next/static/chunks/%5Bturbopack%5D_browser_dev_hmr-client_hmr-client_ts_956a0d3a._.js
[2026-02-22T18:46:00.127Z] GET /_next/static/chunks/node_modules_next_dist_compiled_react-dom_1e674e59._.js
[2026-02-22T18:46:00.129Z] GET /_next/static/chunks/node_modules_next_dist_compiled_react-server-dom-turbopack_9212ccad._.js
[2026-02-22T18:46:00.130Z] GET /_next/static/chunks/node_modules_next_dist_compiled_next-devtools_index_1dd7fb59.js
[2026-02-22T18:46:00.137Z] GET /_next/static/chunks/node_modules_next_dist_compiled_a0e4c7b4._.js
[2026-02-22T18:46:00.138Z] GET /_next/static/chunks/node_modules_next_dist_client_17643121._.js
[2026-02-22T18:46:00.154Z] GET /manifest.json
[2026-02-22T18:46:00.180Z] GET /noise.svg
[2026-02-22T18:46:00.189Z] GET /_next/static/chunks/node_modules_next_dist_f3530cac._.js
[2026-02-22T18:46:00.194Z] GET /_next/static/chunks/node_modules_%40swc_helpers_cjs_d80fb378._.js
[2026-02-22T18:46:00.218Z] GET /_next/static/chunks/_a0ff3932._.js
[2026-02-22T18:46:00.228Z] GET /_next/static/chunks/turbopack-_23a915ee._.js
[2026-02-22T18:46:00.238Z] GET /_next/static/chunks/node_modules_next_dist_be32b49c._.js
[2026-02-22T18:46:00.247Z] GET /_next/static/chunks/app_icon_svg_mjs_947af3a9._.js
[2026-02-22T18:46:00.261Z] GET /_next/static/chunks/node_modules_273a9d65._.js
[2026-02-22T18:46:00.287Z] GET /_next/static/chunks/components_e230d3f0._.js
[2026-02-22T18:46:00.289Z] GET /_next/static/chunks/app_%5Blocale%5D_layout_tsx_1cf6b850._.js
[2026-02-22T18:46:00.294Z] GET /_next/static/chunks/_e9a6d637._.js
[2026-02-22T18:46:00.299Z] GET /_next/static/chunks/node_modules_b53ab841._.js
[2026-02-22T18:46:00.302Z] GET /_next/static/chunks/node_modules_next_dist_client_components_builtin_global-error_1cf6b850.js
[2026-02-22T18:46:00.302Z] GET /_next/static/chunks/app_%5Blocale%5D_page_tsx_268a2bfd._.js
[2026-02-22T18:46:00.331Z] GET /_next/static/chunks/%5Bturbopack%5D_browser_dev_hmr-client_hmr-client_ts_c8c997ce._.js
[2026-02-22T18:46:00.334Z] GET /_next/static/chunks/%5Bturbopack%5D_browser_dev_hmr-client_hmr-client_ts_c7192189._.js
[2026-02-22T18:46:00.396Z] GET /blog/social.png
[2026-02-22T18:46:00.396Z] GET /blog/extensions.png
[2026-02-22T18:46:00.397Z] GET /blog/shopping.png
[2026-02-22T18:46:00.397Z] GET /icon.svg
[2026-02-22T18:46:00.426Z] GET /x-feed/emails?address=3t9u5jgi@nrhm.disposemail.xyz
[2026-02-22T18:46:00.436Z] GET /x-feed/emails?address=3t9u5jgi@nrhm.disposemail.xyz
[2026-02-22T18:46:00.452Z] GET /x-feed/emails?address=3t9u5jgi@nrhm.disposemail.xyz
[2026-02-22T18:46:00.453Z] GET /sync-safety-net?secret=change_me_to_a_secure_secret
[2026-02-22T18:46:02.033Z] GET /sw.js?v=1.0.11
[2026-02-22T18:46:11.440Z] GET /es
[2026-02-22T18:46:11.721Z] GET /_next/static/chunks/%5Broot-of-the-server%5D__742aee95._.css
[2026-02-22T18:46:11.725Z] GET /_next/static/chunks/%5Bturbopack%5D_browser_dev_hmr-client_hmr-client_ts_956a0d3a._.js
[2026-02-22T18:46:11.726Z] GET /_next/static/chunks/node_modules_next_dist_compiled_react-dom_1e674e59._.js
[2026-02-22T18:46:11.726Z] GET /_next/static/chunks/node_modules_next_dist_compiled_react-server-dom-turbopack_9212ccad._.js
[2026-02-22T18:46:11.729Z] GET /_next/static/chunks/node_modules_next_dist_compiled_next-devtools_index_1dd7fb59.js
[2026-02-22T18:46:11.731Z] GET /_next/static/chunks/node_modules_next_dist_compiled_a0e4c7b4._.js
[2026-02-22T18:46:11.733Z] GET /manifest.json
[2026-02-22T18:46:11.738Z] GET /_next/static/chunks/node_modules_next_dist_client_17643121._.js
[2026-02-22T18:46:11.746Z] GET /_next/static/chunks/node_modules_next_dist_f3530cac._.js
[2026-02-22T18:46:11.758Z] GET /noise.svg
[2026-02-22T18:46:11.771Z] GET /_next/static/chunks/node_modules_%40swc_helpers_cjs_d80fb378._.js
[2026-02-22T18:46:11.780Z] GET /_next/static/chunks/_a0ff3932._.js
[2026-02-22T18:46:11.782Z] GET /_next/static/chunks/turbopack-_23a915ee._.js
[2026-02-22T18:46:11.787Z] GET /_next/static/chunks/node_modules_next_dist_be32b49c._.js
[2026-02-22T18:46:11.790Z] GET /_next/static/chunks/app_icon_svg_mjs_947af3a9._.js
[2026-02-22T18:46:11.795Z] GET /_next/static/chunks/node_modules_273a9d65._.js
[2026-02-22T18:46:11.795Z] GET /_next/static/chunks/components_e230d3f0._.js
[2026-02-22T18:46:11.798Z] GET /_next/static/chunks/app_%5Blocale%5D_layout_tsx_1cf6b850._.js
[2026-02-22T18:46:11.798Z] GET /_next/static/chunks/_e9a6d637._.js
[2026-02-22T18:46:11.802Z] GET /_next/static/chunks/node_modules_b53ab841._.js
[2026-02-22T18:46:11.805Z] GET /_next/static/chunks/app_%5Blocale%5D_page_tsx_268a2bfd._.js
[2026-02-22T18:46:11.817Z] GET /_next/static/chunks/node_modules_next_dist_client_components_builtin_global-error_1cf6b850.js
[2026-02-22T18:46:11.825Z] GET /_next/static/chunks/%5Bturbopack%5D_browser_dev_hmr-client_hmr-client_ts_c8c997ce._.js
[2026-02-22T18:46:11.828Z] GET /_next/static/chunks/%5Bturbopack%5D_browser_dev_hmr-client_hmr-client_ts_c7192189._.js
[2026-02-22T18:46:11.883Z] GET /blog/social.png
[2026-02-22T18:46:11.883Z] GET /blog/extensions.png
[2026-02-22T18:46:11.884Z] GET /blog/shopping.png
[2026-02-22T18:46:11.899Z] GET /x-feed/emails?address=3t9u5jgi@nrhm.disposemail.xyz
[2026-02-22T18:46:11.907Z] GET /x-feed/emails?address=3t9u5jgi@nrhm.disposemail.xyz
[2026-02-22T18:46:11.908Z] GET /icon.svg
[2026-02-22T18:46:11.942Z] GET /x-feed/emails?address=3t9u5jgi@nrhm.disposemail.xyz
[2026-02-22T18:46:11.943Z] GET /sync-safety-net?secret=change_me_to_a_secure_secret
[2026-02-22T18:46:14.109Z] GET /sw.js?v=1.0.11
[2026-02-22T18:46:33.509Z] GET /zh
[2026-02-22T18:46:33.842Z] GET /_next/static/chunks/%5Broot-of-the-server%5D__742aee95._.css
[2026-02-22T18:46:33.847Z] GET /_next/static/chunks/%5Bturbopack%5D_browser_dev_hmr-client_hmr-client_ts_956a0d3a._.js
[2026-02-22T18:46:33.848Z] GET /_next/static/chunks/node_modules_next_dist_compiled_react-dom_1e674e59._.js
[2026-02-22T18:46:33.853Z] GET /_next/static/chunks/node_modules_next_dist_compiled_react-server-dom-turbopack_9212ccad._.js
[2026-02-22T18:46:33.854Z] GET /_next/static/chunks/node_modules_next_dist_compiled_next-devtools_index_1dd7fb59.js
[2026-02-22T18:46:33.858Z] GET /_next/static/chunks/node_modules_next_dist_compiled_a0e4c7b4._.js
[2026-02-22T18:46:33.862Z] GET /manifest.json
[2026-02-22T18:46:33.867Z] GET /_next/static/chunks/node_modules_next_dist_client_17643121._.js
[2026-02-22T18:46:33.897Z] GET /noise.svg
[2026-02-22T18:46:33.904Z] GET /_next/static/chunks/node_modules_next_dist_f3530cac._.js
[2026-02-22T18:46:33.907Z] GET /_next/static/chunks/node_modules_%40swc_helpers_cjs_d80fb378._.js
[2026-02-22T18:46:33.918Z] GET /_next/static/chunks/_a0ff3932._.js
[2026-02-22T18:46:33.924Z] GET /_next/static/chunks/turbopack-_23a915ee._.js
[2026-02-22T18:46:33.929Z] GET /_next/static/chunks/node_modules_next_dist_be32b49c._.js
[2026-02-22T18:46:33.930Z] GET /_next/static/chunks/app_icon_svg_mjs_947af3a9._.js
[2026-02-22T18:46:33.934Z] GET /_next/static/chunks/node_modules_273a9d65._.js
[2026-02-22T18:46:33.940Z] GET /_next/static/chunks/components_e230d3f0._.js
[2026-02-22T18:46:33.942Z] GET /_next/static/chunks/app_%5Blocale%5D_layout_tsx_1cf6b850._.js
[2026-02-22T18:46:33.949Z] GET /_next/static/chunks/_e9a6d637._.js
[2026-02-22T18:46:33.950Z] GET /_next/static/chunks/node_modules_b53ab841._.js
[2026-02-22T18:46:33.950Z] GET /_next/static/chunks/app_%5Blocale%5D_page_tsx_268a2bfd._.js
[2026-02-22T18:46:33.956Z] GET /_next/static/chunks/node_modules_next_dist_client_components_builtin_global-error_1cf6b850.js
[2026-02-22T18:46:33.972Z] GET /_next/static/chunks/%5Bturbopack%5D_browser_dev_hmr-client_hmr-client_ts_c8c997ce._.js
[2026-02-22T18:46:33.972Z] GET /_next/static/chunks/%5Bturbopack%5D_browser_dev_hmr-client_hmr-client_ts_c7192189._.js
[2026-02-22T18:46:34.022Z] GET /blog/social.png
[2026-02-22T18:46:34.022Z] GET /blog/extensions.png
[2026-02-22T18:46:34.023Z] GET /blog/shopping.png
[2026-02-22T18:46:34.039Z] GET /x-feed/emails?address=3t9u5jgi@nrhm.disposemail.xyz
[2026-02-22T18:46:34.048Z] GET /x-feed/emails?address=3t9u5jgi@nrhm.disposemail.xyz
[2026-02-22T18:46:34.064Z] GET /icon.svg
[2026-02-22T18:46:34.074Z] GET /x-feed/emails?address=3t9u5jgi@nrhm.disposemail.xyz
[2026-02-22T18:46:34.074Z] GET /sync-safety-net?secret=change_me_to_a_secure_secret
[2026-02-22T18:46:35.939Z] GET /sw.js?v=1.0.11
[2026-02-22T18:52:12.129Z] GET /_next/static/media/9c72aa0f40e4eef8-s.18a48cbc.woff2
[2026-02-22T18:52:13.017Z] GET /ru?_rsc=mhsfq
[2026-02-22T18:52:13.136Z] GET /manifest.json
[2026-02-22T18:52:13.145Z] GET /x-feed/emails?address=3t9u5jgi@nrhm.disposemail.xyz
[2026-02-22T18:52:13.153Z] GET /x-feed/emails?address=3t9u5jgi@nrhm.disposemail.xyz
[2026-02-22T18:52:13.164Z] GET /icon.svg
[2026-02-22T18:52:13.181Z] GET /x-feed/emails?address=3t9u5jgi@nrhm.disposemail.xyz
[2026-02-22T18:52:13.185Z] GET /sync-safety-net?secret=change_me_to_a_secure_secret
[2026-02-22T18:52:15.009Z] GET /pt?_rsc=66w5a
[2026-02-22T18:52:15.090Z] GET /manifest.json
[2026-02-22T18:52:15.100Z] GET /x-feed/emails?address=3t9u5jgi@nrhm.disposemail.xyz
[2026-02-22T18:52:15.109Z] GET /x-feed/emails?address=3t9u5jgi@nrhm.disposemail.xyz
[2026-02-22T18:52:15.113Z] GET /icon.svg
[2026-02-22T18:52:15.119Z] GET /x-feed/emails?address=3t9u5jgi@nrhm.disposemail.xyz
[2026-02-22T18:52:15.120Z] GET /sync-safety-net?secret=change_me_to_a_secure_secret
[2026-02-22T18:52:16.733Z] GET /es?_rsc=13h71
[2026-02-22T18:52:16.802Z] GET /manifest.json
[2026-02-22T18:52:16.834Z] GET /x-feed/emails?address=3t9u5jgi@nrhm.disposemail.xyz
[2026-02-22T18:52:16.836Z] GET /icon.svg
[2026-02-22T18:52:16.838Z] GET /x-feed/emails?address=3t9u5jgi@nrhm.disposemail.xyz
[2026-02-22T18:52:16.852Z] GET /x-feed/emails?address=3t9u5jgi@nrhm.disposemail.xyz
[2026-02-22T18:52:16.853Z] GET /sync-safety-net?secret=change_me_to_a_secure_secret
[2026-02-22T18:52:18.274Z] GET /en?_rsc=qb0tg
[2026-02-22T18:52:18.283Z] GET /
[2026-02-22T18:52:18.349Z] GET /manifest.json
[2026-02-22T18:52:18.359Z] GET /x-feed/emails?address=3t9u5jgi@nrhm.disposemail.xyz
[2026-02-22T18:52:18.361Z] GET /x-feed/emails?address=3t9u5jgi@nrhm.disposemail.xyz
[2026-02-22T18:52:18.368Z] GET /icon.svg
[2026-02-22T18:52:18.384Z] GET /x-feed/emails?address=3t9u5jgi@nrhm.disposemail.xyz
[2026-02-22T18:52:18.385Z] GET /sync-safety-net?secret=change_me_to_a_secure_secret
[2026-02-22T18:52:19.711Z] GET /
[2026-02-22T18:52:19.793Z] GET /_next/static/chunks/%5Broot-of-the-server%5D__742aee95._.css
[2026-02-22T18:52:19.804Z] GET /_next/static/chunks/%5Bturbopack%5D_browser_dev_hmr-client_hmr-client_ts_956a0d3a._.js
[2026-02-22T18:52:19.804Z] GET /_next/static/chunks/node_modules_next_dist_compiled_react-dom_1e674e59._.js
[2026-02-22T18:52:19.806Z] GET /_next/static/chunks/node_modules_next_dist_compiled_react-server-dom-turbopack_9212ccad._.js
[2026-02-22T18:52:19.810Z] GET /_next/static/chunks/node_modules_next_dist_compiled_next-devtools_index_1dd7fb59.js
[2026-02-22T18:52:19.818Z] GET /_next/static/chunks/node_modules_next_dist_compiled_a0e4c7b4._.js
[2026-02-22T18:52:19.821Z] GET /manifest.json
[2026-02-22T18:52:19.822Z] GET /_next/static/chunks/node_modules_next_dist_client_17643121._.js
[2026-02-22T18:52:19.863Z] GET /noise.svg
[2026-02-22T18:52:19.874Z] GET /_next/static/chunks/node_modules_next_dist_f3530cac._.js
[2026-02-22T18:52:19.876Z] GET /_next/static/chunks/node_modules_%40swc_helpers_cjs_d80fb378._.js
[2026-02-22T18:52:19.900Z] GET /_next/static/chunks/_a0ff3932._.js
[2026-02-22T18:52:19.912Z] GET /_next/static/chunks/turbopack-_23a915ee._.js
[2026-02-22T18:52:19.913Z] GET /_next/static/chunks/node_modules_next_dist_be32b49c._.js
[2026-02-22T18:52:19.918Z] GET /_next/static/chunks/app_icon_svg_mjs_947af3a9._.js
[2026-02-22T18:52:19.926Z] GET /_next/static/chunks/node_modules_273a9d65._.js
[2026-02-22T18:52:19.931Z] GET /_next/static/chunks/components_e230d3f0._.js
[2026-02-22T18:52:19.935Z] GET /_next/static/chunks/app_%5Blocale%5D_layout_tsx_1cf6b850._.js
[2026-02-22T18:52:19.938Z] GET /_next/static/chunks/_e9a6d637._.js
[2026-02-22T18:52:19.944Z] GET /_next/static/chunks/node_modules_b53ab841._.js
[2026-02-22T18:52:19.947Z] GET /_next/static/chunks/app_%5Blocale%5D_page_tsx_268a2bfd._.js
[2026-02-22T18:52:19.951Z] GET /_next/static/chunks/node_modules_next_dist_client_components_builtin_global-error_1cf6b850.js
[2026-02-22T18:52:19.967Z] GET /_next/static/chunks/%5Bturbopack%5D_browser_dev_hmr-client_hmr-client_ts_c8c997ce._.js
[2026-02-22T18:52:19.968Z] GET /_next/static/chunks/%5Bturbopack%5D_browser_dev_hmr-client_hmr-client_ts_c7192189._.js
[2026-02-22T18:52:19.994Z] GET /icon.svg
[2026-02-22T18:52:20.011Z] GET /icon.svg
[2026-02-22T18:52:20.024Z] GET /blog/social.png
[2026-02-22T18:52:20.025Z] GET /blog/extensions.png
[2026-02-22T18:52:20.025Z] GET /blog/shopping.png
[2026-02-22T18:52:20.043Z] GET /icon.svg?icon.cbda835a.svg
[2026-02-22T18:52:20.044Z] GET /x-feed/emails?address=3t9u5jgi@nrhm.disposemail.xyz
[2026-02-22T18:52:20.053Z] GET /x-feed/emails?address=3t9u5jgi@nrhm.disposemail.xyz
[2026-02-22T18:52:20.069Z] GET /x-feed/emails?address=3t9u5jgi@nrhm.disposemail.xyz
[2026-02-22T18:52:20.070Z] GET /sync-safety-net?secret=change_me_to_a_secure_secret
[2026-02-22T18:52:20.712Z] GET /
[2026-02-22T18:52:20.775Z] GET /_next/static/chunks/%5Broot-of-the-server%5D__742aee95._.css
[2026-02-22T18:52:20.781Z] GET /_next/static/chunks/%5Bturbopack%5D_browser_dev_hmr-client_hmr-client_ts_956a0d3a._.js
[2026-02-22T18:52:20.783Z] GET /_next/static/chunks/node_modules_next_dist_compiled_react-dom_1e674e59._.js
[2026-02-22T18:52:20.783Z] GET /_next/static/chunks/node_modules_next_dist_compiled_react-server-dom-turbopack_9212ccad._.js
[2026-02-22T18:52:20.784Z] GET /_next/static/chunks/node_modules_next_dist_compiled_next-devtools_index_1dd7fb59.js
[2026-02-22T18:52:20.788Z] GET /_next/static/chunks/node_modules_next_dist_compiled_a0e4c7b4._.js
[2026-02-22T18:52:20.789Z] GET /manifest.json
[2026-02-22T18:52:20.792Z] GET /_next/static/chunks/node_modules_next_dist_client_17643121._.js
[2026-02-22T18:52:20.796Z] GET /_next/static/chunks/node_modules_next_dist_f3530cac._.js
[2026-02-22T18:52:20.809Z] GET /noise.svg
[2026-02-22T18:52:20.812Z] GET /_next/static/chunks/node_modules_%40swc_helpers_cjs_d80fb378._.js
[2026-02-22T18:52:20.813Z] GET /_next/static/chunks/_a0ff3932._.js
[2026-02-22T18:52:20.820Z] GET /_next/static/chunks/turbopack-_23a915ee._.js
[2026-02-22T18:52:20.822Z] GET /_next/static/chunks/node_modules_next_dist_be32b49c._.js
[2026-02-22T18:52:20.825Z] GET /_next/static/chunks/app_icon_svg_mjs_947af3a9._.js
[2026-02-22T18:52:20.832Z] GET /_next/static/chunks/node_modules_273a9d65._.js
[2026-02-22T18:52:20.836Z] GET /_next/static/chunks/components_e230d3f0._.js
[2026-02-22T18:52:20.837Z] GET /_next/static/chunks/app_%5Blocale%5D_layout_tsx_1cf6b850._.js
[2026-02-22T18:52:20.843Z] GET /_next/static/chunks/_e9a6d637._.js
[2026-02-22T18:52:20.844Z] GET /_next/static/chunks/node_modules_b53ab841._.js
[2026-02-22T18:52:20.846Z] GET /_next/static/chunks/app_%5Blocale%5D_page_tsx_268a2bfd._.js
[2026-02-22T18:52:20.851Z] GET /_next/static/chunks/node_modules_next_dist_client_components_builtin_global-error_1cf6b850.js
[2026-02-22T18:52:20.863Z] GET /_next/static/chunks/%5Bturbopack%5D_browser_dev_hmr-client_hmr-client_ts_c8c997ce._.js
[2026-02-22T18:52:20.864Z] GET /_next/static/chunks/%5Bturbopack%5D_browser_dev_hmr-client_hmr-client_ts_c7192189._.js
[2026-02-22T18:52:20.896Z] GET /icon.svg
[2026-02-22T18:52:20.914Z] GET /blog/social.png
[2026-02-22T18:52:20.916Z] GET /blog/extensions.png
[2026-02-22T18:52:20.917Z] GET /blog/shopping.png
[2026-02-22T18:52:20.918Z] GET /icon.svg
[2026-02-22T18:52:20.938Z] GET /x-feed/emails?address=3t9u5jgi@nrhm.disposemail.xyz
[2026-02-22T18:52:20.942Z] GET /x-feed/emails?address=3t9u5jgi@nrhm.disposemail.xyz
[2026-02-22T18:52:20.947Z] GET /icon.svg?icon.cbda835a.svg
[2026-02-22T18:52:20.958Z] GET /x-feed/emails?address=3t9u5jgi@nrhm.disposemail.xyz
[2026-02-22T18:52:20.959Z] GET /sync-safety-net?secret=change_me_to_a_secure_secret
[2026-02-22T18:52:22.478Z] GET /sw.js?v=1.0.11
[2026-02-22T19:00:45.949Z] GET /en
[2026-02-22T19:00:46.041Z] GET /
[2026-02-22T19:00:46.943Z] GET /_next/static/chunks/%5Broot-of-the-server%5D__742aee95._.css
[2026-02-22T19:00:46.949Z] GET /_next/static/chunks/%5Bturbopack%5D_browser_dev_hmr-client_hmr-client_ts_956a0d3a._.js
[2026-02-22T19:00:46.951Z] GET /_next/static/chunks/node_modules_next_dist_compiled_react-dom_1e674e59._.js
[2026-02-22T19:00:46.953Z] GET /_next/static/chunks/node_modules_next_dist_compiled_react-server-dom-turbopack_9212ccad._.js
[2026-02-22T19:00:46.954Z] GET /_next/static/chunks/node_modules_next_dist_compiled_next-devtools_index_1dd7fb59.js
[2026-02-22T19:00:46.956Z] GET /_next/static/chunks/node_modules_next_dist_compiled_a0e4c7b4._.js
[2026-02-22T19:00:46.959Z] GET /manifest.json
[2026-02-22T19:00:46.963Z] GET /_next/static/chunks/node_modules_next_dist_client_17643121._.js
[2026-02-22T19:00:46.965Z] GET /_next/static/chunks/node_modules_next_dist_f3530cac._.js
[2026-02-22T19:00:46.970Z] GET /noise.svg
[2026-02-22T19:00:47.003Z] GET /_next/static/chunks/node_modules_%40swc_helpers_cjs_d80fb378._.js
[2026-02-22T19:00:47.004Z] GET /_next/static/chunks/_a0ff3932._.js
[2026-02-22T19:00:47.013Z] GET /_next/static/chunks/turbopack-_23a915ee._.js
[2026-02-22T19:00:47.018Z] GET /_next/static/chunks/node_modules_next_dist_be32b49c._.js
[2026-02-22T19:00:47.023Z] GET /_next/static/chunks/app_icon_svg_mjs_947af3a9._.js
[2026-02-22T19:00:47.032Z] GET /_next/static/chunks/node_modules_273a9d65._.js
[2026-02-22T19:00:47.033Z] GET /_next/static/chunks/components_e230d3f0._.js
[2026-02-22T19:00:47.042Z] GET /_next/static/chunks/app_%5Blocale%5D_layout_tsx_1cf6b850._.js
[2026-02-22T19:00:47.084Z] GET /_next/static/chunks/_e9a6d637._.js
[2026-02-22T19:00:47.092Z] GET /_next/static/chunks/node_modules_b53ab841._.js
[2026-02-22T19:00:47.098Z] GET /_next/static/chunks/app_%5Blocale%5D_page_tsx_268a2bfd._.js
[2026-02-22T19:00:47.106Z] GET /_next/static/chunks/node_modules_next_dist_client_components_builtin_global-error_1cf6b850.js
[2026-02-22T19:00:47.188Z] GET /_next/static/chunks/%5Bturbopack%5D_browser_dev_hmr-client_hmr-client_ts_c8c997ce._.js
[2026-02-22T19:00:47.189Z] GET /_next/static/chunks/%5Bturbopack%5D_browser_dev_hmr-client_hmr-client_ts_c7192189._.js
[2026-02-22T19:00:47.312Z] GET /blog/social.png
[2026-02-22T19:00:47.313Z] GET /blog/extensions.png
[2026-02-22T19:00:47.315Z] GET /blog/shopping.png
[2026-02-22T19:00:47.341Z] GET /x-feed/emails?address=3t9u5jgi@nrhm.disposemail.xyz
[2026-02-22T19:00:47.381Z] GET /x-feed/emails?address=3t9u5jgi@nrhm.disposemail.xyz
[2026-02-22T19:00:47.382Z] GET /icon.svg
[2026-02-22T19:00:47.397Z] GET /x-feed/emails?address=3t9u5jgi@nrhm.disposemail.xyz
[2026-02-22T19:00:47.400Z] GET /sync-safety-net?secret=change_me_to_a_secure_secret
[2026-02-22T19:00:49.008Z] GET /sw.js?v=1.0.11
[2026-02-22T19:01:12.217Z] GET /es
[2026-02-22T19:01:12.324Z] GET /_next/static/chunks/%5Broot-of-the-server%5D__742aee95._.css
[2026-02-22T19:01:12.345Z] GET /_next/static/chunks/%5Bturbopack%5D_browser_dev_hmr-client_hmr-client_ts_956a0d3a._.js
[2026-02-22T19:01:12.346Z] GET /_next/static/chunks/node_modules_next_dist_compiled_react-dom_1e674e59._.js
[2026-02-22T19:01:12.348Z] GET /_next/static/chunks/node_modules_next_dist_compiled_react-server-dom-turbopack_9212ccad._.js
[2026-02-22T19:01:12.350Z] GET /_next/static/chunks/node_modules_next_dist_compiled_next-devtools_index_1dd7fb59.js
[2026-02-22T19:01:12.354Z] GET /_next/static/chunks/node_modules_next_dist_compiled_a0e4c7b4._.js
[2026-02-22T19:01:12.354Z] GET /manifest.json
[2026-02-22T19:01:12.359Z] GET /_next/static/chunks/node_modules_next_dist_client_17643121._.js
[2026-02-22T19:01:12.382Z] GET /noise.svg
[2026-02-22T19:01:12.389Z] GET /_next/static/chunks/node_modules_next_dist_f3530cac._.js
[2026-02-22T19:01:12.392Z] GET /_next/static/chunks/node_modules_%40swc_helpers_cjs_d80fb378._.js
[2026-02-22T19:01:12.409Z] GET /_next/static/chunks/_a0ff3932._.js
[2026-02-22T19:01:12.424Z] GET /_next/static/chunks/turbopack-_23a915ee._.js
[2026-02-22T19:01:12.429Z] GET /_next/static/chunks/node_modules_next_dist_be32b49c._.js
[2026-02-22T19:01:12.430Z] GET /_next/static/chunks/app_icon_svg_mjs_947af3a9._.js
[2026-02-22T19:01:12.434Z] GET /_next/static/chunks/node_modules_273a9d65._.js
[2026-02-22T19:01:12.440Z] GET /_next/static/chunks/components_e230d3f0._.js
[2026-02-22T19:01:12.442Z] GET /_next/static/chunks/app_%5Blocale%5D_layout_tsx_1cf6b850._.js
[2026-02-22T19:01:12.442Z] GET /_next/static/chunks/_e9a6d637._.js
[2026-02-22T19:01:12.454Z] GET /_next/static/chunks/node_modules_b53ab841._.js
[2026-02-22T19:01:12.455Z] GET /_next/static/chunks/app_%5Blocale%5D_page_tsx_268a2bfd._.js
[2026-02-22T19:01:12.459Z] GET /_next/static/chunks/node_modules_next_dist_client_components_builtin_global-error_1cf6b850.js
[2026-02-22T19:01:12.474Z] GET /_next/static/chunks/%5Bturbopack%5D_browser_dev_hmr-client_hmr-client_ts_c8c997ce._.js
[2026-02-22T19:01:12.475Z] GET /_next/static/chunks/%5Bturbopack%5D_browser_dev_hmr-client_hmr-client_ts_c7192189._.js
[2026-02-22T19:01:12.520Z] GET /blog/social.png
[2026-02-22T19:01:12.520Z] GET /blog/extensions.png
[2026-02-22T19:01:12.521Z] GET /blog/shopping.png
[2026-02-22T19:01:12.575Z] GET /x-feed/emails?address=3t9u5jgi@nrhm.disposemail.xyz
[2026-02-22T19:01:12.591Z] GET /x-feed/emails?address=3t9u5jgi@nrhm.disposemail.xyz
[2026-02-22T19:01:12.596Z] GET /icon.svg
[2026-02-22T19:01:12.623Z] GET /x-feed/emails?address=3t9u5jgi@nrhm.disposemail.xyz
[2026-02-22T19:01:12.650Z] GET /sync-safety-net?secret=change_me_to_a_secure_secret
[2026-02-22T19:01:15.009Z] GET /sw.js?v=1.0.11
[2026-02-22T19:01:19.575Z] GET /es/blog/dangers-reusing-email-social-media
[2026-02-22T19:01:21.110Z] GET /_next/static/chunks/%5Broot-of-the-server%5D__742aee95._.css
[2026-02-22T19:01:21.112Z] GET /_next/static/chunks/%5Bturbopack%5D_browser_dev_hmr-client_hmr-client_ts_956a0d3a._.js
[2026-02-22T19:01:21.118Z] GET /_next/static/chunks/node_modules_next_dist_compiled_react-dom_1e674e59._.js
[2026-02-22T19:01:21.119Z] GET /blog/social.png
[2026-02-22T19:01:21.126Z] GET /manifest.json
[2026-02-22T19:01:21.127Z] GET /_next/static/chunks/node_modules_next_dist_compiled_react-server-dom-turbopack_9212ccad._.js
[2026-02-22T19:01:21.129Z] GET /_next/static/chunks/node_modules_next_dist_compiled_a0e4c7b4._.js
[2026-02-22T19:01:21.130Z] GET /_next/static/chunks/node_modules_next_dist_compiled_next-devtools_index_1dd7fb59.js
[2026-02-22T19:01:21.134Z] GET /noise.svg
[2026-02-22T19:01:21.135Z] GET /_next/static/chunks/node_modules_next_dist_client_17643121._.js
[2026-02-22T19:01:21.141Z] GET /_next/static/chunks/node_modules_next_dist_f3530cac._.js
[2026-02-22T19:01:21.162Z] GET /_next/static/chunks/node_modules_%40swc_helpers_cjs_d80fb378._.js
[2026-02-22T19:01:21.163Z] GET /_next/static/chunks/_a0ff3932._.js
[2026-02-22T19:01:21.178Z] GET /_next/static/chunks/turbopack-_23a915ee._.js
[2026-02-22T19:01:21.183Z] GET /_next/static/chunks/node_modules_next_dist_be32b49c._.js
[2026-02-22T19:01:21.183Z] GET /_next/static/chunks/app_icon_svg_mjs_947af3a9._.js
[2026-02-22T19:01:21.188Z] GET /_next/static/chunks/node_modules_273a9d65._.js
[2026-02-22T19:01:21.191Z] GET /_next/static/chunks/components_e230d3f0._.js
[2026-02-22T19:01:21.195Z] GET /_next/static/chunks/app_%5Blocale%5D_layout_tsx_1cf6b850._.js
[2026-02-22T19:01:21.198Z] GET /_next/static/chunks/_74f8519c._.js
[2026-02-22T19:01:21.201Z] GET /_next/static/chunks/app_%5Blocale%5D_blog_%5Bslug%5D_page_tsx_268a2bfd._.js
[2026-02-22T19:01:21.202Z] GET /_next/static/chunks/node_modules_next_dist_client_components_builtin_global-error_1cf6b850.js
[2026-02-22T19:01:21.224Z] GET /_next/static/chunks/%5Bturbopack%5D_browser_dev_hmr-client_hmr-client_ts_c8c997ce._.js
[2026-02-22T19:01:21.225Z] GET /_next/static/chunks/%5Bturbopack%5D_browser_dev_hmr-client_hmr-client_ts_c7192189._.js
[2026-02-22T19:01:21.259Z] GET /icon.svg
[2026-02-22T19:01:23.137Z] GET /sw.js?v=1.0.11
[2026-02-22T20:20:55.289Z] GET /
[2026-02-22T20:20:56.023Z] GET /_next/static/chunks/%5Broot-of-the-server%5D__742aee95._.css
[2026-02-22T20:20:56.026Z] GET /_next/static/chunks/%5Bturbopack%5D_browser_dev_hmr-client_hmr-client_ts_956a0d3a._.js
[2026-02-22T20:20:56.026Z] GET /_next/static/chunks/node_modules_next_dist_compiled_react-dom_1e674e59._.js
[2026-02-22T20:20:56.033Z] GET /_next/static/chunks/node_modules_next_dist_compiled_react-server-dom-turbopack_9212ccad._.js
[2026-02-22T20:20:56.035Z] GET /_next/static/chunks/node_modules_next_dist_compiled_next-devtools_index_1dd7fb59.js
[2026-02-22T20:20:56.038Z] GET /_next/static/chunks/node_modules_next_dist_compiled_a0e4c7b4._.js
[2026-02-22T20:20:56.040Z] GET /manifest.json
[2026-02-22T20:20:56.043Z] GET /_next/static/chunks/node_modules_next_dist_client_17643121._.js
[2026-02-22T20:20:56.052Z] GET /noise.svg
[2026-02-22T20:20:56.056Z] GET /_next/static/chunks/node_modules_next_dist_f3530cac._.js
[2026-02-22T20:20:56.056Z] GET /_next/static/chunks/node_modules_%40swc_helpers_cjs_d80fb378._.js
[2026-02-22T20:20:56.075Z] GET /_next/static/chunks/_a0ff3932._.js
[2026-02-22T20:20:56.086Z] GET /_next/static/chunks/turbopack-_23a915ee._.js
[2026-02-22T20:20:56.092Z] GET /_next/static/chunks/node_modules_next_dist_be32b49c._.js
[2026-02-22T20:20:56.094Z] GET /_next/static/chunks/app_icon_svg_mjs_947af3a9._.js
[2026-02-22T20:20:56.102Z] GET /_next/static/chunks/node_modules_273a9d65._.js
[2026-02-22T20:20:56.110Z] GET /_next/static/chunks/components_e230d3f0._.js
[2026-02-22T20:20:56.116Z] GET /_next/static/chunks/app_%5Blocale%5D_layout_tsx_1cf6b850._.js
[2026-02-22T20:20:56.118Z] GET /_next/static/chunks/_e9a6d637._.js
[2026-02-22T20:20:56.124Z] GET /_next/static/chunks/node_modules_b53ab841._.js
[2026-02-22T20:20:56.125Z] GET /_next/static/chunks/app_%5Blocale%5D_page_tsx_268a2bfd._.js
[2026-02-22T20:20:56.126Z] GET /_next/static/chunks/node_modules_next_dist_client_components_builtin_global-error_1cf6b850.js
[2026-02-22T20:20:56.190Z] GET /_next/static/chunks/%5Bturbopack%5D_browser_dev_hmr-client_hmr-client_ts_c8c997ce._.js
[2026-02-22T20:20:56.191Z] GET /_next/static/chunks/%5Bturbopack%5D_browser_dev_hmr-client_hmr-client_ts_c7192189._.js
[2026-02-22T20:20:56.319Z] GET /x-feed/emails?address=1adxshxz@3rwl.groundtips.com
[2026-02-22T20:20:56.352Z] GET /blog/social.png
[2026-02-22T20:20:56.350Z] GET /x-feed/emails?address=1adxshxz@3rwl.groundtips.com
[2026-02-22T20:20:56.423Z] GET /blog/extensions.png
[2026-02-22T20:20:56.425Z] GET /blog/shopping.png
[2026-02-22T20:20:56.431Z] GET /icon.svg
[2026-02-22T20:20:56.459Z] GET /x-feed/emails?address=1adxshxz@3rwl.groundtips.com
[2026-02-22T20:20:56.461Z] GET /sync-safety-net?secret=change_me_to_a_secure_secret
[2026-02-22T20:20:58.035Z] GET /sw.js?v=1.0.11
[2026-02-22T20:21:47.510Z] GET /es
[2026-02-22T20:21:47.666Z] GET /_next/static/chunks/%5Broot-of-the-server%5D__742aee95._.css
[2026-02-22T20:21:47.668Z] GET /_next/static/chunks/%5Bturbopack%5D_browser_dev_hmr-client_hmr-client_ts_956a0d3a._.js
[2026-02-22T20:21:47.669Z] GET /_next/static/chunks/node_modules_next_dist_compiled_react-dom_1e674e59._.js
[2026-02-22T20:21:47.669Z] GET /_next/static/chunks/node_modules_next_dist_compiled_react-server-dom-turbopack_9212ccad._.js
[2026-02-22T20:21:47.670Z] GET /_next/static/chunks/node_modules_next_dist_compiled_next-devtools_index_1dd7fb59.js
[2026-02-22T20:21:47.674Z] GET /_next/static/chunks/node_modules_next_dist_compiled_a0e4c7b4._.js
[2026-02-22T20:21:47.675Z] GET /manifest.json
[2026-02-22T20:21:47.678Z] GET /_next/static/chunks/node_modules_next_dist_client_17643121._.js
[2026-02-22T20:21:47.686Z] GET /noise.svg
[2026-02-22T20:21:47.722Z] GET /_next/static/chunks/node_modules_next_dist_f3530cac._.js
[2026-02-22T20:21:47.723Z] GET /_next/static/chunks/node_modules_%40swc_helpers_cjs_d80fb378._.js
[2026-02-22T20:21:47.756Z] GET /_next/static/chunks/_a0ff3932._.js
[2026-02-22T20:21:47.766Z] GET /_next/static/chunks/turbopack-_23a915ee._.js
[2026-02-22T20:21:47.771Z] GET /_next/static/chunks/node_modules_next_dist_be32b49c._.js
[2026-02-22T20:21:47.776Z] GET /_next/static/chunks/app_icon_svg_mjs_947af3a9._.js
[2026-02-22T20:21:47.789Z] GET /_next/static/chunks/node_modules_273a9d65._.js
[2026-02-22T20:21:47.791Z] GET /_next/static/chunks/components_e230d3f0._.js
[2026-02-22T20:21:47.793Z] GET /_next/static/chunks/app_%5Blocale%5D_layout_tsx_1cf6b850._.js
[2026-02-22T20:21:47.799Z] GET /_next/static/chunks/_e9a6d637._.js
[2026-02-22T20:21:47.806Z] GET /_next/static/chunks/node_modules_b53ab841._.js
[2026-02-22T20:21:47.807Z] GET /_next/static/chunks/app_%5Blocale%5D_page_tsx_268a2bfd._.js
[2026-02-22T20:21:47.815Z] GET /_next/static/chunks/node_modules_next_dist_client_components_builtin_global-error_1cf6b850.js
[2026-02-22T20:21:47.840Z] GET /_next/static/chunks/%5Bturbopack%5D_browser_dev_hmr-client_hmr-client_ts_c8c997ce._.js
[2026-02-22T20:21:47.840Z] GET /_next/static/chunks/%5Bturbopack%5D_browser_dev_hmr-client_hmr-client_ts_c7192189._.js
[2026-02-22T20:21:47.894Z] GET /blog/social.png
[2026-02-22T20:21:47.895Z] GET /blog/extensions.png
[2026-02-22T20:21:47.897Z] GET /blog/shopping.png
[2026-02-22T20:21:47.913Z] GET /x-feed/emails?address=1adxshxz@3rwl.groundtips.com
[2026-02-22T20:21:47.919Z] GET /x-feed/emails?address=1adxshxz@3rwl.groundtips.com
[2026-02-22T20:21:47.919Z] GET /icon.svg
[2026-02-22T20:21:47.968Z] GET /x-feed/emails?address=1adxshxz@3rwl.groundtips.com
[2026-02-22T20:21:47.969Z] GET /sync-safety-net?secret=change_me_to_a_secure_secret
[2026-02-22T20:21:49.783Z] GET /sw.js?v=1.0.11
